2026-04-22 16:02:47,121 - deploy_policy - WARNING - rc-robosim (robosim) nao disponivel. Modo simulado sera usado.
2026-04-22 16:02:47,122 - deploy_policy - WARNING - Funcoes de conversao de estado nao disponiveis: No module named 'sim2real'
2026-04-22 16:02:47,123 - deploy_policy - INFO - ============================================================
2026-04-22 16:02:47,123 - deploy_policy - INFO - Deploy de Policy RL no grSim
2026-04-22 16:02:47,123 - deploy_policy - INFO - ============================================================
2026-04-22 16:02:47,123 - deploy_policy - INFO - Checkpoints disponiveis:
2026-04-22 16:02:47,125 - deploy_policy - INFO -   - /checkpoints/PPO_selfplay_rec/PPO_Soccer_28842_00000_0_2024-12-06_02-52-40/checkpoint_000000: OK
2026-04-22 16:02:47,125 - deploy_policy - INFO -   - /checkpoints/PPO_selfplay_rec/PPO_Soccer_28842_00000_0_2024-12-06_02-52-40/checkpoint_000001: OK
2026-04-22 16:02:47,125 - deploy_policy - INFO -   - /checkpoints/PPO_selfplay_rec/PPO_Soccer_28842_00000_0_2024-12-06_02-52-40/checkpoint_000002: OK
2026-04-22 16:02:47,125 - deploy_policy - INFO -   - /checkpoints/PPO_selfplay_rec/PPO_Soccer_28842_00000_0_2024-12-06_02-52-40/checkpoint_000003: OK
2026-04-22 16:02:47,125 - deploy_policy - INFO -   - /checkpoints/PPO_selfplay_rec/PPO_Soccer_28842_00000_0_2024-12-06_02-52-40/checkpoint_000004: OK
2026-04-22 16:02:47,125 - deploy_policy - INFO -   - /checkpoints/PPO_selfplay_rec/PPO_Soccer_28842_00000_0_2024-12-06_02-52-40/checkpoint_000005: OK
2026-04-22 16:02:47,125 - deploy_policy - INFO -   - /checkpoints/PPO_selfplay_rec/PPO_Soccer_28842_00000_0_2024-12-06_02-52-40/checkpoint_000006: OK
2026-04-22 16:02:47,125 - deploy_policy - INFO -   - /checkpoints/PPO_selfplay_rec/PPO_Soccer_28842_00000_0_2024-12-06_02-52-40/checkpoint_000007: OK
2026-04-22 16:02:47,125 - deploy_policy - INFO -   - /checkpoints/PPO_selfplay_rec/PPO_Soccer_8123a_00000_0_2024-11-11_01-01-38/checkpoint_000000: OK
2026-04-22 16:02:47,125 - deploy_policy - INFO -   - /checkpoints/PPO_selfplay_rec/PPO_Soccer_8123a_00000_0_2024-11-11_01-01-38/checkpoint_000001: OK
2026-04-22 16:02:47,125 - deploy_policy - INFO -   - /checkpoints/PPO_selfplay_rec/PPO_Soccer_8123a_00000_0_2024-11-11_01-01-38/checkpoint_000002: OK
2026-04-22 16:02:47,125 - deploy_policy - INFO -   - /checkpoints/PPO_selfplay_rec/PPO_Soccer_8123a_00000_0_2024-11-11_01-01-38/checkpoint_000003: OK
2026-04-22 16:02:47,125 - deploy_policy - INFO -   - /checkpoints/PPO_selfplay_rec/PPO_Soccer_8123a_00000_0_2024-11-11_01-01-38/checkpoint_000004: OK
2026-04-22 16:02:47,125 - deploy_policy - INFO -   - /checkpoints/PPO_selfplay_rec/PPO_Soccer_8123a_00000_0_2024-11-11_01-01-38/checkpoint_000005: OK
2026-04-22 16:02:47,125 - deploy_policy - INFO -   - /checkpoints/PPO_selfplay_rec/PPO_Soccer_8123a_00000_0_2024-11-11_01-01-38/checkpoint_000006: OK
2026-04-22 16:02:47,125 - deploy_policy - INFO -   - /checkpoints/PPO_selfplay_rec/PPO_Soccer_8123a_00000_0_2024-11-11_01-01-38/checkpoint_000007: OK
2026-04-22 16:02:47,126 - deploy_policy - INFO -   - /checkpoints/PPO_selfplay_rec/PPO_Soccer_8123a_00000_0_2024-11-11_01-01-38/checkpoint_000008: OK
2026-04-22 16:02:47,126 - deploy_policy - INFO -   - /checkpoints/PPO_selfplay_rec/PPO_Soccer_8123a_00000_0_2024-11-11_01-01-38/checkpoint_000009: OK
2026-04-22 16:02:47,126 - deploy_policy - INFO -   - /checkpoints/PPO_selfplay_rec/PPO_Soccer_95caf_00000_0_2024-11-21_02-23-24/checkpoint_000000: OK
2026-04-22 16:02:47,126 - deploy_policy - INFO -   - /checkpoints/PPO_selfplay_rec/PPO_Soccer_95caf_00000_0_2024-11-21_02-23-24/checkpoint_000001: OK
2026-04-22 16:02:47,126 - deploy_policy - INFO -   - /checkpoints/PPO_selfplay_rec/PPO_Soccer_baseline_2025-03-16/checkpoint_000000: OK
2026-04-22 16:02:47,126 - deploy_policy - INFO -   - /checkpoints/PPO_selfplay_rec/PPO_Soccer_baseline_2025-03-16/checkpoint_000001: OK
2026-04-22 16:02:47,126 - deploy_policy - INFO -   - /checkpoints/PPO_selfplay_rec/PPO_Soccer_baseline_2025-03-16/checkpoint_000002: OK
2026-04-22 16:02:47,126 - deploy_policy - INFO -   - /checkpoints/PPO_selfplay_rec/PPO_Soccer_baseline_2025-03-16/checkpoint_000003: OK
2026-04-22 16:02:47,126 - deploy_policy - INFO - Inicializando GrSimDeployer:
2026-04-22 16:02:47,126 - deploy_policy - INFO -   Checkpoint: /checkpoints/PPO_selfplay_rec/PPO_Soccer_baseline_2025-03-16/checkpoint_000003
2026-04-22 16:02:47,126 - deploy_policy - INFO -   Device: cpu
2026-04-22 16:02:47,126 - deploy_policy - INFO -   Team: blue
2026-04-22 16:02:47,126 - deploy_policy - INFO -   Robots: 3 blue, 3 yellow
2026-04-22 16:02:47,133 - deploy_policy - INFO - Carregando checkpoint: /checkpoints/PPO_selfplay_rec/PPO_Soccer_baseline_2025-03-16/checkpoint_000003/policies/policy_blue/policy_state.pkl
2026-04-22 16:02:47,202 - deploy_policy - ERROR - Erro durante execucao: No module named 'rSoccer'
Traceback (most recent call last):
  File "/app/deploy_policy.py", line 567, in main
    deployer = GrSimDeployer(config)
  File "/app/deploy_policy.py", line 142, in __init__
    self.model = self._load_model()
  File "/app/deploy_policy.py", line 171, in _load_model
    policy_state = pickle.load(f)
  File "/app/rewards.py", line 2, in <module>
    from rSoccer.rsoccer_gym.Entities import Frame, Field
ModuleNotFoundError: No module named 'rSoccer'
2026-04-22 16:02:50,095 - deploy_policy - WARNING - rc-robosim (robosim) nao disponivel. Modo simulado sera usado.
2026-04-22 16:02:50,096 - deploy_policy - WARNING - Funcoes de conversao de estado nao disponiveis: No module named 'sim2real'
2026-04-22 16:02:50,097 - deploy_policy - INFO - ============================================================
2026-04-22 16:02:50,097 - deploy_policy - INFO - Deploy de Policy RL no grSim
2026-04-22 16:02:50,097 - deploy_policy - INFO - ============================================================
2026-04-22 16:02:50,097 - deploy_policy - INFO - Checkpoints disponiveis:
2026-04-22 16:02:50,099 - deploy_policy - INFO -   - /checkpoints/PPO_selfplay_rec/PPO_Soccer_28842_00000_0_2024-12-06_02-52-40/checkpoint_000000: OK
2026-04-22 16:02:50,099 - deploy_policy - INFO -   - /checkpoints/PPO_selfplay_rec/PPO_Soccer_28842_00000_0_2024-12-06_02-52-40/checkpoint_000001: OK
2026-04-22 16:02:50,099 - deploy_policy - INFO -   - /checkpoints/PPO_selfplay_rec/PPO_Soccer_28842_00000_0_2024-12-06_02-52-40/checkpoint_000002: OK
2026-04-22 16:02:50,099 - deploy_policy - INFO -   - /checkpoints/PPO_selfplay_rec/PPO_Soccer_28842_00000_0_2024-12-06_02-52-40/checkpoint_000003: OK
2026-04-22 16:02:50,099 - deploy_policy - INFO -   - /checkpoints/PPO_selfplay_rec/PPO_Soccer_28842_00000_0_2024-12-06_02-52-40/checkpoint_000004: OK
2026-04-22 16:02:50,099 - deploy_policy - INFO -   - /checkpoints/PPO_selfplay_rec/PPO_Soccer_28842_00000_0_2024-12-06_02-52-40/checkpoint_000005: OK
2026-04-22 16:02:50,099 - deploy_policy - INFO -   - /checkpoints/PPO_selfplay_rec/PPO_Soccer_28842_00000_0_2024-12-06_02-52-40/checkpoint_000006: OK
2026-04-22 16:02:50,099 - deploy_policy - INFO -   - /checkpoints/PPO_selfplay_rec/PPO_Soccer_28842_00000_0_2024-12-06_02-52-40/checkpoint_000007: OK
2026-04-22 16:02:50,099 - deploy_policy - INFO -   - /checkpoints/PPO_selfplay_rec/PPO_Soccer_8123a_00000_0_2024-11-11_01-01-38/checkpoint_000000: OK
2026-04-22 16:02:50,099 - deploy_policy - INFO -   - /checkpoints/PPO_selfplay_rec/PPO_Soccer_8123a_00000_0_2024-11-11_01-01-38/checkpoint_000001: OK
2026-04-22 16:02:50,099 - deploy_policy - INFO -   - /checkpoints/PPO_selfplay_rec/PPO_Soccer_8123a_00000_0_2024-11-11_01-01-38/checkpoint_000002: OK
2026-04-22 16:02:50,099 - deploy_policy - INFO -   - /checkpoints/PPO_selfplay_rec/PPO_Soccer_8123a_00000_0_2024-11-11_01-01-38/checkpoint_000003: OK
2026-04-22 16:02:50,099 - deploy_policy - INFO -   - /checkpoints/PPO_selfplay_rec/PPO_Soccer_8123a_00000_0_2024-11-11_01-01-38/checkpoint_000004: OK
2026-04-22 16:02:50,099 - deploy_policy - INFO -   - /checkpoints/PPO_selfplay_rec/PPO_Soccer_8123a_00000_0_2024-11-11_01-01-38/checkpoint_000005: OK
2026-04-22 16:02:50,099 - deploy_policy - INFO -   - /checkpoints/PPO_selfplay_rec/PPO_Soccer_8123a_00000_0_2024-11-11_01-01-38/checkpoint_000006: OK
2026-04-22 16:02:50,099 - deploy_policy - INFO -   - /checkpoints/PPO_selfplay_rec/PPO_Soccer_8123a_00000_0_2024-11-11_01-01-38/checkpoint_000007: OK
2026-04-22 16:02:50,099 - deploy_policy - INFO -   - /checkpoints/PPO_selfplay_rec/PPO_Soccer_8123a_00000_0_2024-11-11_01-01-38/checkpoint_000008: OK
2026-04-22 16:02:50,099 - deploy_policy - INFO -   - /checkpoints/PPO_selfplay_rec/PPO_Soccer_8123a_00000_0_2024-11-11_01-01-38/checkpoint_000009: OK
2026-04-22 16:02:50,099 - deploy_policy - INFO -   - /checkpoints/PPO_selfplay_rec/PPO_Soccer_95caf_00000_0_2024-11-21_02-23-24/checkpoint_000000: OK
2026-04-22 16:02:50,099 - deploy_policy - INFO -   - /checkpoints/PPO_selfplay_rec/PPO_Soccer_95caf_00000_0_2024-11-21_02-23-24/checkpoint_000001: OK
2026-04-22 16:02:50,099 - deploy_policy - INFO -   - /checkpoints/PPO_selfplay_rec/PPO_Soccer_baseline_2025-03-16/checkpoint_000000: OK
2026-04-22 16:02:50,099 - deploy_policy - INFO -   - /checkpoints/PPO_selfplay_rec/PPO_Soccer_baseline_2025-03-16/checkpoint_000001: OK
2026-04-22 16:02:50,099 - deploy_policy - INFO -   - /checkpoints/PPO_selfplay_rec/PPO_Soccer_baseline_2025-03-16/checkpoint_000002: OK
2026-04-22 16:02:50,099 - deploy_policy - INFO -   - /checkpoints/PPO_selfplay_rec/PPO_Soccer_baseline_2025-03-16/checkpoint_000003: OK
2026-04-22 16:02:50,099 - deploy_policy - INFO - Inicializando GrSimDeployer:
2026-04-22 16:02:50,099 - deploy_policy - INFO -   Checkpoint: /checkpoints/PPO_selfplay_rec/PPO_Soccer_baseline_2025-03-16/checkpoint_000003
2026-04-22 16:02:50,099 - deploy_policy - INFO -   Device: cpu
2026-04-22 16:02:50,100 - deploy_policy - INFO -   Team: blue
2026-04-22 16:02:50,100 - deploy_policy - INFO -   Robots: 3 blue, 3 yellow
2026-04-22 16:02:50,102 - deploy_policy - INFO - Carregando checkpoint: /checkpoints/PPO_selfplay_rec/PPO_Soccer_baseline_2025-03-16/checkpoint_000003/policies/policy_blue/policy_state.pkl
2026-04-22 16:02:50,150 - deploy_policy - ERROR - Erro durante execucao: No module named 'rSoccer'
Traceback (most recent call last):
  File "/app/deploy_policy.py", line 567, in main
    deployer = GrSimDeployer(config)
  File "/app/deploy_policy.py", line 142, in __init__
    self.model = self._load_model()
  File "/app/deploy_policy.py", line 171, in _load_model
    policy_state = pickle.load(f)
  File "/app/rewards.py", line 2, in <module>
    from rSoccer.rsoccer_gym.Entities import Frame, Field
ModuleNotFoundError: No module named 'rSoccer'
2026-04-22 16:02:53,310 - deploy_policy - WARNING - rc-robosim (robosim) nao disponivel. Modo simulado sera usado.
2026-04-22 16:02:53,311 - deploy_policy - WARNING - Funcoes de conversao de estado nao disponiveis: No module named 'sim2real'
2026-04-22 16:02:53,312 - deploy_policy - INFO - ============================================================
2026-04-22 16:02:53,312 - deploy_policy - INFO - Deploy de Policy RL no grSim
2026-04-22 16:02:53,312 - deploy_policy - INFO - ============================================================
2026-04-22 16:02:53,312 - deploy_policy - INFO - Checkpoints disponiveis:
2026-04-22 16:02:53,314 - deploy_policy - INFO -   - /checkpoints/PPO_selfplay_rec/PPO_Soccer_28842_00000_0_2024-12-06_02-52-40/checkpoint_000000: OK
2026-04-22 16:02:53,314 - deploy_policy - INFO -   - /checkpoints/PPO_selfplay_rec/PPO_Soccer_28842_00000_0_2024-12-06_02-52-40/checkpoint_000001: OK
2026-04-22 16:02:53,314 - deploy_policy - INFO -   - /checkpoints/PPO_selfplay_rec/PPO_Soccer_28842_00000_0_2024-12-06_02-52-40/checkpoint_000002: OK
2026-04-22 16:02:53,314 - deploy_policy - INFO -   - /checkpoints/PPO_selfplay_rec/PPO_Soccer_28842_00000_0_2024-12-06_02-52-40/checkpoint_000003: OK
2026-04-22 16:02:53,314 - deploy_policy - INFO -   - /checkpoints/PPO_selfplay_rec/PPO_Soccer_28842_00000_0_2024-12-06_02-52-40/checkpoint_000004: OK
2026-04-22 16:02:53,314 - deploy_policy - INFO -   - /checkpoints/PPO_selfplay_rec/PPO_Soccer_28842_00000_0_2024-12-06_02-52-40/checkpoint_000005: OK
2026-04-22 16:02:53,314 - deploy_policy - INFO -   - /checkpoints/PPO_selfplay_rec/PPO_Soccer_28842_00000_0_2024-12-06_02-52-40/checkpoint_000006: OK
2026-04-22 16:02:53,314 - deploy_policy - INFO -   - /checkpoints/PPO_selfplay_rec/PPO_Soccer_28842_00000_0_2024-12-06_02-52-40/checkpoint_000007: OK
2026-04-22 16:02:53,314 - deploy_policy - INFO -   - /checkpoints/PPO_selfplay_rec/PPO_Soccer_8123a_00000_0_2024-11-11_01-01-38/checkpoint_000000: OK
2026-04-22 16:02:53,314 - deploy_policy - INFO -   - /checkpoints/PPO_selfplay_rec/PPO_Soccer_8123a_00000_0_2024-11-11_01-01-38/checkpoint_000001: OK
2026-04-22 16:02:53,314 - deploy_policy - INFO -   - /checkpoints/PPO_selfplay_rec/PPO_Soccer_8123a_00000_0_2024-11-11_01-01-38/checkpoint_000002: OK
2026-04-22 16:02:53,314 - deploy_policy - INFO -   - /checkpoints/PPO_selfplay_rec/PPO_Soccer_8123a_00000_0_2024-11-11_01-01-38/checkpoint_000003: OK
2026-04-22 16:02:53,314 - deploy_policy - INFO -   - /checkpoints/PPO_selfplay_rec/PPO_Soccer_8123a_00000_0_2024-11-11_01-01-38/checkpoint_000004: OK
2026-04-22 16:02:53,314 - deploy_policy - INFO -   - /checkpoints/PPO_selfplay_rec/PPO_Soccer_8123a_00000_0_2024-11-11_01-01-38/checkpoint_000005: OK
2026-04-22 16:02:53,314 - deploy_policy - INFO -   - /checkpoints/PPO_selfplay_rec/PPO_Soccer_8123a_00000_0_2024-11-11_01-01-38/checkpoint_000006: OK
2026-04-22 16:02:53,314 - deploy_policy - INFO -   - /checkpoints/PPO_selfplay_rec/PPO_Soccer_8123a_00000_0_2024-11-11_01-01-38/checkpoint_000007: OK
2026-04-22 16:02:53,314 - deploy_policy - INFO -   - /checkpoints/PPO_selfplay_rec/PPO_Soccer_8123a_00000_0_2024-11-11_01-01-38/checkpoint_000008: OK
2026-04-22 16:02:53,314 - deploy_policy - INFO -   - /checkpoints/PPO_selfplay_rec/PPO_Soccer_8123a_00000_0_2024-11-11_01-01-38/checkpoint_000009: OK
2026-04-22 16:02:53,314 - deploy_policy - INFO -   - /checkpoints/PPO_selfplay_rec/PPO_Soccer_95caf_00000_0_2024-11-21_02-23-24/checkpoint_000000: OK
2026-04-22 16:02:53,314 - deploy_policy - INFO -   - /checkpoints/PPO_selfplay_rec/PPO_Soccer_95caf_00000_0_2024-11-21_02-23-24/checkpoint_000001: OK
2026-04-22 16:02:53,314 - deploy_policy - INFO -   - /checkpoints/PPO_selfplay_rec/PPO_Soccer_baseline_2025-03-16/checkpoint_000000: OK
2026-04-22 16:02:53,314 - deploy_policy - INFO -   - /checkpoints/PPO_selfplay_rec/PPO_Soccer_baseline_2025-03-16/checkpoint_000001: OK
2026-04-22 16:02:53,315 - deploy_policy - INFO -   - /checkpoints/PPO_selfplay_rec/PPO_Soccer_baseline_2025-03-16/checkpoint_000002: OK
2026-04-22 16:02:53,315 - deploy_policy - INFO -   - /checkpoints/PPO_selfplay_rec/PPO_Soccer_baseline_2025-03-16/checkpoint_000003: OK
2026-04-22 16:02:53,315 - deploy_policy - INFO - Inicializando GrSimDeployer:
2026-04-22 16:02:53,315 - deploy_policy - INFO -   Checkpoint: /checkpoints/PPO_selfplay_rec/PPO_Soccer_baseline_2025-03-16/checkpoint_000003
2026-04-22 16:02:53,315 - deploy_policy - INFO -   Device: cpu
2026-04-22 16:02:53,315 - deploy_policy - INFO -   Team: blue
2026-04-22 16:02:53,315 - deploy_policy - INFO -   Robots: 3 blue, 3 yellow
2026-04-22 16:02:53,317 - deploy_policy - INFO - Carregando checkpoint: /checkpoints/PPO_selfplay_rec/PPO_Soccer_baseline_2025-03-16/checkpoint_000003/policies/policy_blue/policy_state.pkl
2026-04-22 16:02:53,364 - deploy_policy - ERROR - Erro durante execucao: No module named 'rSoccer'
Traceback (most recent call last):
  File "/app/deploy_policy.py", line 567, in main
    deployer = GrSimDeployer(config)
  File "/app/deploy_policy.py", line 142, in __init__
    self.model = self._load_model()
  File "/app/deploy_policy.py", line 171, in _load_model
    policy_state = pickle.load(f)
  File "/app/rewards.py", line 2, in <module>
    from rSoccer.rsoccer_gym.Entities import Frame, Field
ModuleNotFoundError: No module named 'rSoccer'
2026-04-22 16:02:56,506 - deploy_policy - WARNING - rc-robosim (robosim) nao disponivel. Modo simulado sera usado.
2026-04-22 16:02:56,507 - deploy_policy - WARNING - Funcoes de conversao de estado nao disponiveis: No module named 'sim2real'
2026-04-22 16:02:56,507 - deploy_policy - INFO - ============================================================
2026-04-22 16:02:56,507 - deploy_policy - INFO - Deploy de Policy RL no grSim
2026-04-22 16:02:56,508 - deploy_policy - INFO - ============================================================
2026-04-22 16:02:56,508 - deploy_policy - INFO - Checkpoints disponiveis:
2026-04-22 16:02:56,509 - deploy_policy - INFO -   - /checkpoints/PPO_selfplay_rec/PPO_Soccer_28842_00000_0_2024-12-06_02-52-40/checkpoint_000000: OK
2026-04-22 16:02:56,509 - deploy_policy - INFO -   - /checkpoints/PPO_selfplay_rec/PPO_Soccer_28842_00000_0_2024-12-06_02-52-40/checkpoint_000001: OK
2026-04-22 16:02:56,509 - deploy_policy - INFO -   - /checkpoints/PPO_selfplay_rec/PPO_Soccer_28842_00000_0_2024-12-06_02-52-40/checkpoint_000002: OK
2026-04-22 16:02:56,509 - deploy_policy - INFO -   - /checkpoints/PPO_selfplay_rec/PPO_Soccer_28842_00000_0_2024-12-06_02-52-40/checkpoint_000003: OK
2026-04-22 16:02:56,509 - deploy_policy - INFO -   - /checkpoints/PPO_selfplay_rec/PPO_Soccer_28842_00000_0_2024-12-06_02-52-40/checkpoint_000004: OK
2026-04-22 16:02:56,509 - deploy_policy - INFO -   - /checkpoints/PPO_selfplay_rec/PPO_Soccer_28842_00000_0_2024-12-06_02-52-40/checkpoint_000005: OK
2026-04-22 16:02:56,509 - deploy_policy - INFO -   - /checkpoints/PPO_selfplay_rec/PPO_Soccer_28842_00000_0_2024-12-06_02-52-40/checkpoint_000006: OK
2026-04-22 16:02:56,509 - deploy_policy - INFO -   - /checkpoints/PPO_selfplay_rec/PPO_Soccer_28842_00000_0_2024-12-06_02-52-40/checkpoint_000007: OK
2026-04-22 16:02:56,509 - deploy_policy - INFO -   - /checkpoints/PPO_selfplay_rec/PPO_Soccer_8123a_00000_0_2024-11-11_01-01-38/checkpoint_000000: OK
2026-04-22 16:02:56,509 - deploy_policy - INFO -   - /checkpoints/PPO_selfplay_rec/PPO_Soccer_8123a_00000_0_2024-11-11_01-01-38/checkpoint_000001: OK
2026-04-22 16:02:56,510 - deploy_policy - INFO -   - /checkpoints/PPO_selfplay_rec/PPO_Soccer_8123a_00000_0_2024-11-11_01-01-38/checkpoint_000002: OK
2026-04-22 16:02:56,510 - deploy_policy - INFO -   - /checkpoints/PPO_selfplay_rec/PPO_Soccer_8123a_00000_0_2024-11-11_01-01-38/checkpoint_000003: OK
2026-04-22 16:02:56,510 - deploy_policy - INFO -   - /checkpoints/PPO_selfplay_rec/PPO_Soccer_8123a_00000_0_2024-11-11_01-01-38/checkpoint_000004: OK
2026-04-22 16:02:56,510 - deploy_policy - INFO -   - /checkpoints/PPO_selfplay_rec/PPO_Soccer_8123a_00000_0_2024-11-11_01-01-38/checkpoint_000005: OK
2026-04-22 16:02:56,510 - deploy_policy - INFO -   - /checkpoints/PPO_selfplay_rec/PPO_Soccer_8123a_00000_0_2024-11-11_01-01-38/checkpoint_000006: OK
2026-04-22 16:02:56,510 - deploy_policy - INFO -   - /checkpoints/PPO_selfplay_rec/PPO_Soccer_8123a_00000_0_2024-11-11_01-01-38/checkpoint_000007: OK
2026-04-22 16:02:56,510 - deploy_policy - INFO -   - /checkpoints/PPO_selfplay_rec/PPO_Soccer_8123a_00000_0_2024-11-11_01-01-38/checkpoint_000008: OK
2026-04-22 16:02:56,510 - deploy_policy - INFO -   - /checkpoints/PPO_selfplay_rec/PPO_Soccer_8123a_00000_0_2024-11-11_01-01-38/checkpoint_000009: OK
2026-04-22 16:02:56,510 - deploy_policy - INFO -   - /checkpoints/PPO_selfplay_rec/PPO_Soccer_95caf_00000_0_2024-11-21_02-23-24/checkpoint_000000: OK
2026-04-22 16:02:56,510 - deploy_policy - INFO -   - /checkpoints/PPO_selfplay_rec/PPO_Soccer_95caf_00000_0_2024-11-21_02-23-24/checkpoint_000001: OK
2026-04-22 16:02:56,510 - deploy_policy - INFO -   - /checkpoints/PPO_selfplay_rec/PPO_Soccer_baseline_2025-03-16/checkpoint_000000: OK
2026-04-22 16:02:56,510 - deploy_policy - INFO -   - /checkpoints/PPO_selfplay_rec/PPO_Soccer_baseline_2025-03-16/checkpoint_000001: OK
2026-04-22 16:02:56,510 - deploy_policy - INFO -   - /checkpoints/PPO_selfplay_rec/PPO_Soccer_baseline_2025-03-16/checkpoint_000002: OK
2026-04-22 16:02:56,510 - deploy_policy - INFO -   - /checkpoints/PPO_selfplay_rec/PPO_Soccer_baseline_2025-03-16/checkpoint_000003: OK
2026-04-22 16:02:56,510 - deploy_policy - INFO - Inicializando GrSimDeployer:
2026-04-22 16:02:56,510 - deploy_policy - INFO -   Checkpoint: /checkpoints/PPO_selfplay_rec/PPO_Soccer_baseline_2025-03-16/checkpoint_000003
2026-04-22 16:02:56,510 - deploy_policy - INFO -   Device: cpu
2026-04-22 16:02:56,510 - deploy_policy - INFO -   Team: blue
2026-04-22 16:02:56,510 - deploy_policy - INFO -   Robots: 3 blue, 3 yellow
2026-04-22 16:02:56,513 - deploy_policy - INFO - Carregando checkpoint: /checkpoints/PPO_selfplay_rec/PPO_Soccer_baseline_2025-03-16/checkpoint_000003/policies/policy_blue/policy_state.pkl
2026-04-22 16:02:56,557 - deploy_policy - ERROR - Erro durante execucao: No module named 'rSoccer'
Traceback (most recent call last):
  File "/app/deploy_policy.py", line 567, in main
    deployer = GrSimDeployer(config)
  File "/app/deploy_policy.py", line 142, in __init__
    self.model = self._load_model()
  File "/app/deploy_policy.py", line 171, in _load_model
    policy_state = pickle.load(f)
  File "/app/rewards.py", line 2, in <module>
    from rSoccer.rsoccer_gym.Entities import Frame, Field
ModuleNotFoundError: No module named 'rSoccer'
2026-04-22 16:10:16,452 - deploy_policy - INFO - rc-robosim (robosim) importado com sucesso
2026-04-22 16:10:16,453 - deploy_policy - WARNING - Funcoes de conversao de estado nao disponiveis: No module named 'sim2real'
2026-04-22 16:10:16,454 - deploy_policy - INFO - ============================================================
2026-04-22 16:10:16,454 - deploy_policy - INFO - Deploy de Policy RL no grSim
2026-04-22 16:10:16,454 - deploy_policy - INFO - ============================================================
2026-04-22 16:10:16,454 - deploy_policy - INFO - Checkpoints disponiveis:
2026-04-22 16:10:16,456 - deploy_policy - INFO -   - /checkpoints/PPO_selfplay_rec/PPO_Soccer_28842_00000_0_2024-12-06_02-52-40/checkpoint_000000: OK
2026-04-22 16:10:16,456 - deploy_policy - INFO -   - /checkpoints/PPO_selfplay_rec/PPO_Soccer_28842_00000_0_2024-12-06_02-52-40/checkpoint_000001: OK
2026-04-22 16:10:16,456 - deploy_policy - INFO -   - /checkpoints/PPO_selfplay_rec/PPO_Soccer_28842_00000_0_2024-12-06_02-52-40/checkpoint_000002: OK
2026-04-22 16:10:16,456 - deploy_policy - INFO -   - /checkpoints/PPO_selfplay_rec/PPO_Soccer_28842_00000_0_2024-12-06_02-52-40/checkpoint_000003: OK
2026-04-22 16:10:16,456 - deploy_policy - INFO -   - /checkpoints/PPO_selfplay_rec/PPO_Soccer_28842_00000_0_2024-12-06_02-52-40/checkpoint_000004: OK
2026-04-22 16:10:16,456 - deploy_policy - INFO -   - /checkpoints/PPO_selfplay_rec/PPO_Soccer_28842_00000_0_2024-12-06_02-52-40/checkpoint_000005: OK
2026-04-22 16:10:16,456 - deploy_policy - INFO -   - /checkpoints/PPO_selfplay_rec/PPO_Soccer_28842_00000_0_2024-12-06_02-52-40/checkpoint_000006: OK
2026-04-22 16:10:16,456 - deploy_policy - INFO -   - /checkpoints/PPO_selfplay_rec/PPO_Soccer_28842_00000_0_2024-12-06_02-52-40/checkpoint_000007: OK
2026-04-22 16:10:16,456 - deploy_policy - INFO -   - /checkpoints/PPO_selfplay_rec/PPO_Soccer_8123a_00000_0_2024-11-11_01-01-38/checkpoint_000000: OK
2026-04-22 16:10:16,456 - deploy_policy - INFO -   - /checkpoints/PPO_selfplay_rec/PPO_Soccer_8123a_00000_0_2024-11-11_01-01-38/checkpoint_000001: OK
2026-04-22 16:10:16,456 - deploy_policy - INFO -   - /checkpoints/PPO_selfplay_rec/PPO_Soccer_8123a_00000_0_2024-11-11_01-01-38/checkpoint_000002: OK
2026-04-22 16:10:16,456 - deploy_policy - INFO -   - /checkpoints/PPO_selfplay_rec/PPO_Soccer_8123a_00000_0_2024-11-11_01-01-38/checkpoint_000003: OK
2026-04-22 16:10:16,456 - deploy_policy - INFO -   - /checkpoints/PPO_selfplay_rec/PPO_Soccer_8123a_00000_0_2024-11-11_01-01-38/checkpoint_000004: OK
2026-04-22 16:10:16,456 - deploy_policy - INFO -   - /checkpoints/PPO_selfplay_rec/PPO_Soccer_8123a_00000_0_2024-11-11_01-01-38/checkpoint_000005: OK
2026-04-22 16:10:16,456 - deploy_policy - INFO -   - /checkpoints/PPO_selfplay_rec/PPO_Soccer_8123a_00000_0_2024-11-11_01-01-38/checkpoint_000006: OK
2026-04-22 16:10:16,456 - deploy_policy - INFO -   - /checkpoints/PPO_selfplay_rec/PPO_Soccer_8123a_00000_0_2024-11-11_01-01-38/checkpoint_000007: OK
2026-04-22 16:10:16,456 - deploy_policy - INFO -   - /checkpoints/PPO_selfplay_rec/PPO_Soccer_8123a_00000_0_2024-11-11_01-01-38/checkpoint_000008: OK
2026-04-22 16:10:16,456 - deploy_policy - INFO -   - /checkpoints/PPO_selfplay_rec/PPO_Soccer_8123a_00000_0_2024-11-11_01-01-38/checkpoint_000009: OK
2026-04-22 16:10:16,456 - deploy_policy - INFO -   - /checkpoints/PPO_selfplay_rec/PPO_Soccer_95caf_00000_0_2024-11-21_02-23-24/checkpoint_000000: OK
2026-04-22 16:10:16,456 - deploy_policy - INFO -   - /checkpoints/PPO_selfplay_rec/PPO_Soccer_95caf_00000_0_2024-11-21_02-23-24/checkpoint_000001: OK
2026-04-22 16:10:16,456 - deploy_policy - INFO -   - /checkpoints/PPO_selfplay_rec/PPO_Soccer_baseline_2025-03-16/checkpoint_000000: OK
2026-04-22 16:10:16,457 - deploy_policy - INFO -   - /checkpoints/PPO_selfplay_rec/PPO_Soccer_baseline_2025-03-16/checkpoint_000001: OK
2026-04-22 16:10:16,457 - deploy_policy - INFO -   - /checkpoints/PPO_selfplay_rec/PPO_Soccer_baseline_2025-03-16/checkpoint_000002: OK
2026-04-22 16:10:16,457 - deploy_policy - INFO -   - /checkpoints/PPO_selfplay_rec/PPO_Soccer_baseline_2025-03-16/checkpoint_000003: OK
2026-04-22 16:10:16,457 - deploy_policy - INFO - Inicializando GrSimDeployer:
2026-04-22 16:10:16,457 - deploy_policy - INFO -   Checkpoint: /checkpoints/PPO_selfplay_rec/PPO_Soccer_baseline_2025-03-16/checkpoint_000003
2026-04-22 16:10:16,457 - deploy_policy - INFO -   Device: cpu
2026-04-22 16:10:16,457 - deploy_policy - INFO -   Team: blue
2026-04-22 16:10:16,457 - deploy_policy - INFO -   Robots: 3 blue, 3 yellow
2026-04-22 16:10:16,463 - deploy_policy - INFO - Carregando checkpoint: /checkpoints/PPO_selfplay_rec/PPO_Soccer_baseline_2025-03-16/checkpoint_000003/policies/policy_blue/policy_state.pkl
2026-04-22 16:10:16,521 - deploy_policy - ERROR - Erro durante execucao: No module named 'packaging._structures'
Traceback (most recent call last):
  File "/app/deploy_policy.py", line 567, in main
    deployer = GrSimDeployer(config)
  File "/app/deploy_policy.py", line 142, in __init__
    self.model = self._load_model()
  File "/app/deploy_policy.py", line 171, in _load_model
    policy_state = pickle.load(f)
ModuleNotFoundError: No module named 'packaging._structures'
2026-04-22 16:10:19,551 - deploy_policy - INFO - rc-robosim (robosim) importado com sucesso
2026-04-22 16:10:19,552 - deploy_policy - WARNING - Funcoes de conversao de estado nao disponiveis: No module named 'sim2real'
2026-04-22 16:10:19,553 - deploy_policy - INFO - ============================================================
2026-04-22 16:10:19,553 - deploy_policy - INFO - Deploy de Policy RL no grSim
2026-04-22 16:10:19,553 - deploy_policy - INFO - ============================================================
2026-04-22 16:10:19,553 - deploy_policy - INFO - Checkpoints disponiveis:
2026-04-22 16:10:19,555 - deploy_policy - INFO -   - /checkpoints/PPO_selfplay_rec/PPO_Soccer_28842_00000_0_2024-12-06_02-52-40/checkpoint_000000: OK
2026-04-22 16:10:19,555 - deploy_policy - INFO -   - /checkpoints/PPO_selfplay_rec/PPO_Soccer_28842_00000_0_2024-12-06_02-52-40/checkpoint_000001: OK
2026-04-22 16:10:19,555 - deploy_policy - INFO -   - /checkpoints/PPO_selfplay_rec/PPO_Soccer_28842_00000_0_2024-12-06_02-52-40/checkpoint_000002: OK
2026-04-22 16:10:19,555 - deploy_policy - INFO -   - /checkpoints/PPO_selfplay_rec/PPO_Soccer_28842_00000_0_2024-12-06_02-52-40/checkpoint_000003: OK
2026-04-22 16:10:19,556 - deploy_policy - INFO -   - /checkpoints/PPO_selfplay_rec/PPO_Soccer_28842_00000_0_2024-12-06_02-52-40/checkpoint_000004: OK
2026-04-22 16:10:19,556 - deploy_policy - INFO -   - /checkpoints/PPO_selfplay_rec/PPO_Soccer_28842_00000_0_2024-12-06_02-52-40/checkpoint_000005: OK
2026-04-22 16:10:19,556 - deploy_policy - INFO -   - /checkpoints/PPO_selfplay_rec/PPO_Soccer_28842_00000_0_2024-12-06_02-52-40/checkpoint_000006: OK
2026-04-22 16:10:19,556 - deploy_policy - INFO -   - /checkpoints/PPO_selfplay_rec/PPO_Soccer_28842_00000_0_2024-12-06_02-52-40/checkpoint_000007: OK
2026-04-22 16:10:19,556 - deploy_policy - INFO -   - /checkpoints/PPO_selfplay_rec/PPO_Soccer_8123a_00000_0_2024-11-11_01-01-38/checkpoint_000000: OK
2026-04-22 16:10:19,556 - deploy_policy - INFO -   - /checkpoints/PPO_selfplay_rec/PPO_Soccer_8123a_00000_0_2024-11-11_01-01-38/checkpoint_000001: OK
2026-04-22 16:10:19,556 - deploy_policy - INFO -   - /checkpoints/PPO_selfplay_rec/PPO_Soccer_8123a_00000_0_2024-11-11_01-01-38/checkpoint_000002: OK
2026-04-22 16:10:19,556 - deploy_policy - INFO -   - /checkpoints/PPO_selfplay_rec/PPO_Soccer_8123a_00000_0_2024-11-11_01-01-38/checkpoint_000003: OK
2026-04-22 16:10:19,556 - deploy_policy - INFO -   - /checkpoints/PPO_selfplay_rec/PPO_Soccer_8123a_00000_0_2024-11-11_01-01-38/checkpoint_000004: OK
2026-04-22 16:10:19,556 - deploy_policy - INFO -   - /checkpoints/PPO_selfplay_rec/PPO_Soccer_8123a_00000_0_2024-11-11_01-01-38/checkpoint_000005: OK
2026-04-22 16:10:19,556 - deploy_policy - INFO -   - /checkpoints/PPO_selfplay_rec/PPO_Soccer_8123a_00000_0_2024-11-11_01-01-38/checkpoint_000006: OK
2026-04-22 16:10:19,556 - deploy_policy - INFO -   - /checkpoints/PPO_selfplay_rec/PPO_Soccer_8123a_00000_0_2024-11-11_01-01-38/checkpoint_000007: OK
2026-04-22 16:10:19,556 - deploy_policy - INFO -   - /checkpoints/PPO_selfplay_rec/PPO_Soccer_8123a_00000_0_2024-11-11_01-01-38/checkpoint_000008: OK
2026-04-22 16:10:19,556 - deploy_policy - INFO -   - /checkpoints/PPO_selfplay_rec/PPO_Soccer_8123a_00000_0_2024-11-11_01-01-38/checkpoint_000009: OK
2026-04-22 16:10:19,556 - deploy_policy - INFO -   - /checkpoints/PPO_selfplay_rec/PPO_Soccer_95caf_00000_0_2024-11-21_02-23-24/checkpoint_000000: OK
2026-04-22 16:10:19,556 - deploy_policy - INFO -   - /checkpoints/PPO_selfplay_rec/PPO_Soccer_95caf_00000_0_2024-11-21_02-23-24/checkpoint_000001: OK
2026-04-22 16:10:19,556 - deploy_policy - INFO -   - /checkpoints/PPO_selfplay_rec/PPO_Soccer_baseline_2025-03-16/checkpoint_000000: OK
2026-04-22 16:10:19,556 - deploy_policy - INFO -   - /checkpoints/PPO_selfplay_rec/PPO_Soccer_baseline_2025-03-16/checkpoint_000001: OK
2026-04-22 16:10:19,556 - deploy_policy - INFO -   - /checkpoints/PPO_selfplay_rec/PPO_Soccer_baseline_2025-03-16/checkpoint_000002: OK
2026-04-22 16:10:19,556 - deploy_policy - INFO -   - /checkpoints/PPO_selfplay_rec/PPO_Soccer_baseline_2025-03-16/checkpoint_000003: OK
2026-04-22 16:10:19,556 - deploy_policy - INFO - Inicializando GrSimDeployer:
2026-04-22 16:10:19,556 - deploy_policy - INFO -   Checkpoint: /checkpoints/PPO_selfplay_rec/PPO_Soccer_baseline_2025-03-16/checkpoint_000003
2026-04-22 16:10:19,557 - deploy_policy - INFO -   Device: cpu
2026-04-22 16:10:19,557 - deploy_policy - INFO -   Team: blue
2026-04-22 16:10:19,557 - deploy_policy - INFO -   Robots: 3 blue, 3 yellow
2026-04-22 16:10:19,560 - deploy_policy - INFO - Carregando checkpoint: /checkpoints/PPO_selfplay_rec/PPO_Soccer_baseline_2025-03-16/checkpoint_000003/policies/policy_blue/policy_state.pkl
2026-04-22 16:10:19,624 - deploy_policy - ERROR - Erro durante execucao: No module named 'packaging._structures'
Traceback (most recent call last):
  File "/app/deploy_policy.py", line 567, in main
    deployer = GrSimDeployer(config)
  File "/app/deploy_policy.py", line 142, in __init__
    self.model = self._load_model()
  File "/app/deploy_policy.py", line 171, in _load_model
    policy_state = pickle.load(f)
ModuleNotFoundError: No module named 'packaging._structures'
2026-04-22 16:10:22,722 - deploy_policy - INFO - rc-robosim (robosim) importado com sucesso
2026-04-22 16:10:22,723 - deploy_policy - WARNING - Funcoes de conversao de estado nao disponiveis: No module named 'sim2real'
2026-04-22 16:10:22,723 - deploy_policy - INFO - ============================================================
2026-04-22 16:10:22,723 - deploy_policy - INFO - Deploy de Policy RL no grSim
2026-04-22 16:10:22,723 - deploy_policy - INFO - ============================================================
2026-04-22 16:10:22,723 - deploy_policy - INFO - Checkpoints disponiveis:
2026-04-22 16:10:22,725 - deploy_policy - INFO -   - /checkpoints/PPO_selfplay_rec/PPO_Soccer_28842_00000_0_2024-12-06_02-52-40/checkpoint_000000: OK
2026-04-22 16:10:22,725 - deploy_policy - INFO -   - /checkpoints/PPO_selfplay_rec/PPO_Soccer_28842_00000_0_2024-12-06_02-52-40/checkpoint_000001: OK
2026-04-22 16:10:22,725 - deploy_policy - INFO -   - /checkpoints/PPO_selfplay_rec/PPO_Soccer_28842_00000_0_2024-12-06_02-52-40/checkpoint_000002: OK
2026-04-22 16:10:22,725 - deploy_policy - INFO -   - /checkpoints/PPO_selfplay_rec/PPO_Soccer_28842_00000_0_2024-12-06_02-52-40/checkpoint_000003: OK
2026-04-22 16:10:22,725 - deploy_policy - INFO -   - /checkpoints/PPO_selfplay_rec/PPO_Soccer_28842_00000_0_2024-12-06_02-52-40/checkpoint_000004: OK
2026-04-22 16:10:22,725 - deploy_policy - INFO -   - /checkpoints/PPO_selfplay_rec/PPO_Soccer_28842_00000_0_2024-12-06_02-52-40/checkpoint_000005: OK
2026-04-22 16:10:22,725 - deploy_policy - INFO -   - /checkpoints/PPO_selfplay_rec/PPO_Soccer_28842_00000_0_2024-12-06_02-52-40/checkpoint_000006: OK
2026-04-22 16:10:22,725 - deploy_policy - INFO -   - /checkpoints/PPO_selfplay_rec/PPO_Soccer_28842_00000_0_2024-12-06_02-52-40/checkpoint_000007: OK
2026-04-22 16:10:22,725 - deploy_policy - INFO -   - /checkpoints/PPO_selfplay_rec/PPO_Soccer_8123a_00000_0_2024-11-11_01-01-38/checkpoint_000000: OK
2026-04-22 16:10:22,725 - deploy_policy - INFO -   - /checkpoints/PPO_selfplay_rec/PPO_Soccer_8123a_00000_0_2024-11-11_01-01-38/checkpoint_000001: OK
2026-04-22 16:10:22,725 - deploy_policy - INFO -   - /checkpoints/PPO_selfplay_rec/PPO_Soccer_8123a_00000_0_2024-11-11_01-01-38/checkpoint_000002: OK
2026-04-22 16:10:22,725 - deploy_policy - INFO -   - /checkpoints/PPO_selfplay_rec/PPO_Soccer_8123a_00000_0_2024-11-11_01-01-38/checkpoint_000003: OK
2026-04-22 16:10:22,725 - deploy_policy - INFO -   - /checkpoints/PPO_selfplay_rec/PPO_Soccer_8123a_00000_0_2024-11-11_01-01-38/checkpoint_000004: OK
2026-04-22 16:10:22,725 - deploy_policy - INFO -   - /checkpoints/PPO_selfplay_rec/PPO_Soccer_8123a_00000_0_2024-11-11_01-01-38/checkpoint_000005: OK
2026-04-22 16:10:22,725 - deploy_policy - INFO -   - /checkpoints/PPO_selfplay_rec/PPO_Soccer_8123a_00000_0_2024-11-11_01-01-38/checkpoint_000006: OK
2026-04-22 16:10:22,726 - deploy_policy - INFO -   - /checkpoints/PPO_selfplay_rec/PPO_Soccer_8123a_00000_0_2024-11-11_01-01-38/checkpoint_000007: OK
2026-04-22 16:10:22,726 - deploy_policy - INFO -   - /checkpoints/PPO_selfplay_rec/PPO_Soccer_8123a_00000_0_2024-11-11_01-01-38/checkpoint_000008: OK
2026-04-22 16:10:22,726 - deploy_policy - INFO -   - /checkpoints/PPO_selfplay_rec/PPO_Soccer_8123a_00000_0_2024-11-11_01-01-38/checkpoint_000009: OK
2026-04-22 16:10:22,726 - deploy_policy - INFO -   - /checkpoints/PPO_selfplay_rec/PPO_Soccer_95caf_00000_0_2024-11-21_02-23-24/checkpoint_000000: OK
2026-04-22 16:10:22,726 - deploy_policy - INFO -   - /checkpoints/PPO_selfplay_rec/PPO_Soccer_95caf_00000_0_2024-11-21_02-23-24/checkpoint_000001: OK
2026-04-22 16:10:22,726 - deploy_policy - INFO -   - /checkpoints/PPO_selfplay_rec/PPO_Soccer_baseline_2025-03-16/checkpoint_000000: OK
2026-04-22 16:10:22,726 - deploy_policy - INFO -   - /checkpoints/PPO_selfplay_rec/PPO_Soccer_baseline_2025-03-16/checkpoint_000001: OK
2026-04-22 16:10:22,726 - deploy_policy - INFO -   - /checkpoints/PPO_selfplay_rec/PPO_Soccer_baseline_2025-03-16/checkpoint_000002: OK
2026-04-22 16:10:22,726 - deploy_policy - INFO -   - /checkpoints/PPO_selfplay_rec/PPO_Soccer_baseline_2025-03-16/checkpoint_000003: OK
2026-04-22 16:10:22,726 - deploy_policy - INFO - Inicializando GrSimDeployer:
2026-04-22 16:10:22,726 - deploy_policy - INFO -   Checkpoint: /checkpoints/PPO_selfplay_rec/PPO_Soccer_baseline_2025-03-16/checkpoint_000003
2026-04-22 16:10:22,726 - deploy_policy - INFO -   Device: cpu
2026-04-22 16:10:22,726 - deploy_policy - INFO -   Team: blue
2026-04-22 16:10:22,726 - deploy_policy - INFO -   Robots: 3 blue, 3 yellow
2026-04-22 16:10:22,728 - deploy_policy - INFO - Carregando checkpoint: /checkpoints/PPO_selfplay_rec/PPO_Soccer_baseline_2025-03-16/checkpoint_000003/policies/policy_blue/policy_state.pkl
2026-04-22 16:10:22,786 - deploy_policy - ERROR - Erro durante execucao: No module named 'packaging._structures'
Traceback (most recent call last):
  File "/app/deploy_policy.py", line 567, in main
    deployer = GrSimDeployer(config)
  File "/app/deploy_policy.py", line 142, in __init__
    self.model = self._load_model()
  File "/app/deploy_policy.py", line 171, in _load_model
    policy_state = pickle.load(f)
ModuleNotFoundError: No module named 'packaging._structures'
2026-04-22 16:10:26,024 - deploy_policy - INFO - rc-robosim (robosim) importado com sucesso
2026-04-22 16:10:26,025 - deploy_policy - WARNING - Funcoes de conversao de estado nao disponiveis: No module named 'sim2real'
2026-04-22 16:10:26,026 - deploy_policy - INFO - ============================================================
2026-04-22 16:10:26,026 - deploy_policy - INFO - Deploy de Policy RL no grSim
2026-04-22 16:10:26,026 - deploy_policy - INFO - ============================================================
2026-04-22 16:10:26,026 - deploy_policy - INFO - Checkpoints disponiveis:
2026-04-22 16:10:26,028 - deploy_policy - INFO -   - /checkpoints/PPO_selfplay_rec/PPO_Soccer_28842_00000_0_2024-12-06_02-52-40/checkpoint_000000: OK
2026-04-22 16:10:26,028 - deploy_policy - INFO -   - /checkpoints/PPO_selfplay_rec/PPO_Soccer_28842_00000_0_2024-12-06_02-52-40/checkpoint_000001: OK
2026-04-22 16:10:26,028 - deploy_policy - INFO -   - /checkpoints/PPO_selfplay_rec/PPO_Soccer_28842_00000_0_2024-12-06_02-52-40/checkpoint_000002: OK
2026-04-22 16:10:26,028 - deploy_policy - INFO -   - /checkpoints/PPO_selfplay_rec/PPO_Soccer_28842_00000_0_2024-12-06_02-52-40/checkpoint_000003: OK
2026-04-22 16:10:26,028 - deploy_policy - INFO -   - /checkpoints/PPO_selfplay_rec/PPO_Soccer_28842_00000_0_2024-12-06_02-52-40/checkpoint_000004: OK
2026-04-22 16:10:26,028 - deploy_policy - INFO -   - /checkpoints/PPO_selfplay_rec/PPO_Soccer_28842_00000_0_2024-12-06_02-52-40/checkpoint_000005: OK
2026-04-22 16:10:26,028 - deploy_policy - INFO -   - /checkpoints/PPO_selfplay_rec/PPO_Soccer_28842_00000_0_2024-12-06_02-52-40/checkpoint_000006: OK
2026-04-22 16:10:26,028 - deploy_policy - INFO -   - /checkpoints/PPO_selfplay_rec/PPO_Soccer_28842_00000_0_2024-12-06_02-52-40/checkpoint_000007: OK
2026-04-22 16:10:26,029 - deploy_policy - INFO -   - /checkpoints/PPO_selfplay_rec/PPO_Soccer_8123a_00000_0_2024-11-11_01-01-38/checkpoint_000000: OK
2026-04-22 16:10:26,029 - deploy_policy - INFO -   - /checkpoints/PPO_selfplay_rec/PPO_Soccer_8123a_00000_0_2024-11-11_01-01-38/checkpoint_000001: OK
2026-04-22 16:10:26,029 - deploy_policy - INFO -   - /checkpoints/PPO_selfplay_rec/PPO_Soccer_8123a_00000_0_2024-11-11_01-01-38/checkpoint_000002: OK
2026-04-22 16:10:26,029 - deploy_policy - INFO -   - /checkpoints/PPO_selfplay_rec/PPO_Soccer_8123a_00000_0_2024-11-11_01-01-38/checkpoint_000003: OK
2026-04-22 16:10:26,029 - deploy_policy - INFO -   - /checkpoints/PPO_selfplay_rec/PPO_Soccer_8123a_00000_0_2024-11-11_01-01-38/checkpoint_000004: OK
2026-04-22 16:10:26,029 - deploy_policy - INFO -   - /checkpoints/PPO_selfplay_rec/PPO_Soccer_8123a_00000_0_2024-11-11_01-01-38/checkpoint_000005: OK
2026-04-22 16:10:26,029 - deploy_policy - INFO -   - /checkpoints/PPO_selfplay_rec/PPO_Soccer_8123a_00000_0_2024-11-11_01-01-38/checkpoint_000006: OK
2026-04-22 16:10:26,029 - deploy_policy - INFO -   - /checkpoints/PPO_selfplay_rec/PPO_Soccer_8123a_00000_0_2024-11-11_01-01-38/checkpoint_000007: OK
2026-04-22 16:10:26,029 - deploy_policy - INFO -   - /checkpoints/PPO_selfplay_rec/PPO_Soccer_8123a_00000_0_2024-11-11_01-01-38/checkpoint_000008: OK
2026-04-22 16:10:26,029 - deploy_policy - INFO -   - /checkpoints/PPO_selfplay_rec/PPO_Soccer_8123a_00000_0_2024-11-11_01-01-38/checkpoint_000009: OK
2026-04-22 16:10:26,029 - deploy_policy - INFO -   - /checkpoints/PPO_selfplay_rec/PPO_Soccer_95caf_00000_0_2024-11-21_02-23-24/checkpoint_000000: OK
2026-04-22 16:10:26,029 - deploy_policy - INFO -   - /checkpoints/PPO_selfplay_rec/PPO_Soccer_95caf_00000_0_2024-11-21_02-23-24/checkpoint_000001: OK
2026-04-22 16:10:26,029 - deploy_policy - INFO -   - /checkpoints/PPO_selfplay_rec/PPO_Soccer_baseline_2025-03-16/checkpoint_000000: OK
2026-04-22 16:10:26,029 - deploy_policy - INFO -   - /checkpoints/PPO_selfplay_rec/PPO_Soccer_baseline_2025-03-16/checkpoint_000001: OK
2026-04-22 16:10:26,029 - deploy_policy - INFO -   - /checkpoints/PPO_selfplay_rec/PPO_Soccer_baseline_2025-03-16/checkpoint_000002: OK
2026-04-22 16:10:26,029 - deploy_policy - INFO -   - /checkpoints/PPO_selfplay_rec/PPO_Soccer_baseline_2025-03-16/checkpoint_000003: OK
2026-04-22 16:10:26,029 - deploy_policy - INFO - Inicializando GrSimDeployer:
2026-04-22 16:10:26,029 - deploy_policy - INFO -   Checkpoint: /checkpoints/PPO_selfplay_rec/PPO_Soccer_baseline_2025-03-16/checkpoint_000003
2026-04-22 16:10:26,029 - deploy_policy - INFO -   Device: cpu
2026-04-22 16:10:26,029 - deploy_policy - INFO -   Team: blue
2026-04-22 16:10:26,029 - deploy_policy - INFO -   Robots: 3 blue, 3 yellow
2026-04-22 16:10:26,032 - deploy_policy - INFO - Carregando checkpoint: /checkpoints/PPO_selfplay_rec/PPO_Soccer_baseline_2025-03-16/checkpoint_000003/policies/policy_blue/policy_state.pkl
2026-04-22 16:10:26,089 - deploy_policy - ERROR - Erro durante execucao: No module named 'packaging._structures'
Traceback (most recent call last):
  File "/app/deploy_policy.py", line 567, in main
    deployer = GrSimDeployer(config)
  File "/app/deploy_policy.py", line 142, in __init__
    self.model = self._load_model()
  File "/app/deploy_policy.py", line 171, in _load_model
    policy_state = pickle.load(f)
ModuleNotFoundError: No module named 'packaging._structures'
2026-04-22 16:16:46,298 - deploy_policy - INFO - rc-robosim (robosim) importado com sucesso
2026-04-22 16:16:46,300 - deploy_policy - WARNING - Funcoes de conversao de estado nao disponiveis: No module named 'sim2real'
2026-04-22 16:16:46,300 - deploy_policy - INFO - ============================================================
2026-04-22 16:16:46,300 - deploy_policy - INFO - Deploy de Policy RL no grSim
2026-04-22 16:16:46,300 - deploy_policy - INFO - ============================================================
2026-04-22 16:16:46,300 - deploy_policy - INFO - Checkpoints disponiveis:
2026-04-22 16:16:46,310 - deploy_policy - INFO -   - /checkpoints/PPO_selfplay_rec/PPO_Soccer_28842_00000_0_2024-12-06_02-52-40/checkpoint_000000: OK
2026-04-22 16:16:46,310 - deploy_policy - INFO -   - /checkpoints/PPO_selfplay_rec/PPO_Soccer_28842_00000_0_2024-12-06_02-52-40/checkpoint_000001: OK
2026-04-22 16:16:46,310 - deploy_policy - INFO -   - /checkpoints/PPO_selfplay_rec/PPO_Soccer_28842_00000_0_2024-12-06_02-52-40/checkpoint_000002: OK
2026-04-22 16:16:46,310 - deploy_policy - INFO -   - /checkpoints/PPO_selfplay_rec/PPO_Soccer_28842_00000_0_2024-12-06_02-52-40/checkpoint_000003: OK
2026-04-22 16:16:46,310 - deploy_policy - INFO -   - /checkpoints/PPO_selfplay_rec/PPO_Soccer_28842_00000_0_2024-12-06_02-52-40/checkpoint_000004: OK
2026-04-22 16:16:46,310 - deploy_policy - INFO -   - /checkpoints/PPO_selfplay_rec/PPO_Soccer_28842_00000_0_2024-12-06_02-52-40/checkpoint_000005: OK
2026-04-22 16:16:46,310 - deploy_policy - INFO -   - /checkpoints/PPO_selfplay_rec/PPO_Soccer_28842_00000_0_2024-12-06_02-52-40/checkpoint_000006: OK
2026-04-22 16:16:46,310 - deploy_policy - INFO -   - /checkpoints/PPO_selfplay_rec/PPO_Soccer_28842_00000_0_2024-12-06_02-52-40/checkpoint_000007: OK
2026-04-22 16:16:46,310 - deploy_policy - INFO -   - /checkpoints/PPO_selfplay_rec/PPO_Soccer_8123a_00000_0_2024-11-11_01-01-38/checkpoint_000000: OK
2026-04-22 16:16:46,310 - deploy_policy - INFO -   - /checkpoints/PPO_selfplay_rec/PPO_Soccer_8123a_00000_0_2024-11-11_01-01-38/checkpoint_000001: OK
2026-04-22 16:16:46,310 - deploy_policy - INFO -   - /checkpoints/PPO_selfplay_rec/PPO_Soccer_8123a_00000_0_2024-11-11_01-01-38/checkpoint_000002: OK
2026-04-22 16:16:46,310 - deploy_policy - INFO -   - /checkpoints/PPO_selfplay_rec/PPO_Soccer_8123a_00000_0_2024-11-11_01-01-38/checkpoint_000003: OK
2026-04-22 16:16:46,310 - deploy_policy - INFO -   - /checkpoints/PPO_selfplay_rec/PPO_Soccer_8123a_00000_0_2024-11-11_01-01-38/checkpoint_000004: OK
2026-04-22 16:16:46,310 - deploy_policy - INFO -   - /checkpoints/PPO_selfplay_rec/PPO_Soccer_8123a_00000_0_2024-11-11_01-01-38/checkpoint_000005: OK
2026-04-22 16:16:46,310 - deploy_policy - INFO -   - /checkpoints/PPO_selfplay_rec/PPO_Soccer_8123a_00000_0_2024-11-11_01-01-38/checkpoint_000006: OK
2026-04-22 16:16:46,310 - deploy_policy - INFO -   - /checkpoints/PPO_selfplay_rec/PPO_Soccer_8123a_00000_0_2024-11-11_01-01-38/checkpoint_000007: OK
2026-04-22 16:16:46,310 - deploy_policy - INFO -   - /checkpoints/PPO_selfplay_rec/PPO_Soccer_8123a_00000_0_2024-11-11_01-01-38/checkpoint_000008: OK
2026-04-22 16:16:46,310 - deploy_policy - INFO -   - /checkpoints/PPO_selfplay_rec/PPO_Soccer_8123a_00000_0_2024-11-11_01-01-38/checkpoint_000009: OK
2026-04-22 16:16:46,310 - deploy_policy - INFO -   - /checkpoints/PPO_selfplay_rec/PPO_Soccer_95caf_00000_0_2024-11-21_02-23-24/checkpoint_000000: OK
2026-04-22 16:16:46,310 - deploy_policy - INFO -   - /checkpoints/PPO_selfplay_rec/PPO_Soccer_95caf_00000_0_2024-11-21_02-23-24/checkpoint_000001: OK
2026-04-22 16:16:46,310 - deploy_policy - INFO -   - /checkpoints/PPO_selfplay_rec/PPO_Soccer_baseline_2025-03-16/checkpoint_000000: OK
2026-04-22 16:16:46,310 - deploy_policy - INFO -   - /checkpoints/PPO_selfplay_rec/PPO_Soccer_baseline_2025-03-16/checkpoint_000001: OK
2026-04-22 16:16:46,311 - deploy_policy - INFO -   - /checkpoints/PPO_selfplay_rec/PPO_Soccer_baseline_2025-03-16/checkpoint_000002: OK
2026-04-22 16:16:46,311 - deploy_policy - INFO -   - /checkpoints/PPO_selfplay_rec/PPO_Soccer_baseline_2025-03-16/checkpoint_000003: OK
2026-04-22 16:16:46,311 - deploy_policy - INFO - Inicializando GrSimDeployer:
2026-04-22 16:16:46,311 - deploy_policy - INFO -   Checkpoint: /checkpoints/PPO_selfplay_rec/PPO_Soccer_baseline_2025-03-16/checkpoint_000003
2026-04-22 16:16:46,311 - deploy_policy - INFO -   Device: cpu
2026-04-22 16:16:46,311 - deploy_policy - INFO -   Team: blue
2026-04-22 16:16:46,311 - deploy_policy - INFO -   Robots: 3 blue, 3 yellow
2026-04-22 16:16:46,319 - deploy_policy - INFO - Carregando checkpoint: /checkpoints/PPO_selfplay_rec/PPO_Soccer_baseline_2025-03-16/checkpoint_000003/policies/policy_blue/policy_state.pkl
2026-04-22 16:16:46,368 - deploy_policy - INFO - Modelo carregado com sucesso
2026-04-22 16:16:46,369 - deploy_policy - ERROR - Erro ao inicializar simulador: __init__(): incompatible constructor arguments. The following argument types are supported:
    1. robosim._robosim.SSL(arg0: int, arg1: int, arg2: int, arg3: int, arg4: List[float], arg5: List[List[float]], arg6: List[List[float]])

Invoked with: kwargs: field_type=1, n_robots_blue=3, n_robots_yellow=3, time_step_ms=33, ball_pos=[0, 0, 0, 0], blue_robots_pos=[[-1.5, 0.0, 0.0], [-2.0, 1.0, 0.0], [-2.0, -1.0, 0.0]], yellow_robots_pos=[[1.5, 0.0, 180.0], [2.0, 1.0, 180.0], [2.0, -1.0, 180.0]]
2026-04-22 16:16:46,369 - deploy_policy - WARNING - Simulador nao disponivel, executando em modo de teste
2026-04-22 16:16:47,395 - deploy_policy - INFO - Modo de teste concluido
2026-04-22 16:19:42,816 - deploy_policy - INFO - rc-robosim (robosim) importado com sucesso
2026-04-22 16:19:42,818 - deploy_policy - WARNING - Funcoes de conversao de estado nao disponiveis: No module named 'sim2real'
2026-04-22 16:19:42,818 - deploy_policy - INFO - ============================================================
2026-04-22 16:19:42,818 - deploy_policy - INFO - Deploy de Policy RL no grSim
2026-04-22 16:19:42,818 - deploy_policy - INFO - ============================================================
2026-04-22 16:19:42,818 - deploy_policy - INFO - Checkpoints disponiveis:
2026-04-22 16:19:42,820 - deploy_policy - INFO -   - /checkpoints/PPO_selfplay_rec/PPO_Soccer_28842_00000_0_2024-12-06_02-52-40/checkpoint_000000: OK
2026-04-22 16:19:42,820 - deploy_policy - INFO -   - /checkpoints/PPO_selfplay_rec/PPO_Soccer_28842_00000_0_2024-12-06_02-52-40/checkpoint_000001: OK
2026-04-22 16:19:42,820 - deploy_policy - INFO -   - /checkpoints/PPO_selfplay_rec/PPO_Soccer_28842_00000_0_2024-12-06_02-52-40/checkpoint_000002: OK
2026-04-22 16:19:42,820 - deploy_policy - INFO -   - /checkpoints/PPO_selfplay_rec/PPO_Soccer_28842_00000_0_2024-12-06_02-52-40/checkpoint_000003: OK
2026-04-22 16:19:42,820 - deploy_policy - INFO -   - /checkpoints/PPO_selfplay_rec/PPO_Soccer_28842_00000_0_2024-12-06_02-52-40/checkpoint_000004: OK
2026-04-22 16:19:42,820 - deploy_policy - INFO -   - /checkpoints/PPO_selfplay_rec/PPO_Soccer_28842_00000_0_2024-12-06_02-52-40/checkpoint_000005: OK
2026-04-22 16:19:42,820 - deploy_policy - INFO -   - /checkpoints/PPO_selfplay_rec/PPO_Soccer_28842_00000_0_2024-12-06_02-52-40/checkpoint_000006: OK
2026-04-22 16:19:42,820 - deploy_policy - INFO -   - /checkpoints/PPO_selfplay_rec/PPO_Soccer_28842_00000_0_2024-12-06_02-52-40/checkpoint_000007: OK
2026-04-22 16:19:42,820 - deploy_policy - INFO -   - /checkpoints/PPO_selfplay_rec/PPO_Soccer_8123a_00000_0_2024-11-11_01-01-38/checkpoint_000000: OK
2026-04-22 16:19:42,820 - deploy_policy - INFO -   - /checkpoints/PPO_selfplay_rec/PPO_Soccer_8123a_00000_0_2024-11-11_01-01-38/checkpoint_000001: OK
2026-04-22 16:19:42,820 - deploy_policy - INFO -   - /checkpoints/PPO_selfplay_rec/PPO_Soccer_8123a_00000_0_2024-11-11_01-01-38/checkpoint_000002: OK
2026-04-22 16:19:42,820 - deploy_policy - INFO -   - /checkpoints/PPO_selfplay_rec/PPO_Soccer_8123a_00000_0_2024-11-11_01-01-38/checkpoint_000003: OK
2026-04-22 16:19:42,820 - deploy_policy - INFO -   - /checkpoints/PPO_selfplay_rec/PPO_Soccer_8123a_00000_0_2024-11-11_01-01-38/checkpoint_000004: OK
2026-04-22 16:19:42,820 - deploy_policy - INFO -   - /checkpoints/PPO_selfplay_rec/PPO_Soccer_8123a_00000_0_2024-11-11_01-01-38/checkpoint_000005: OK
2026-04-22 16:19:42,820 - deploy_policy - INFO -   - /checkpoints/PPO_selfplay_rec/PPO_Soccer_8123a_00000_0_2024-11-11_01-01-38/checkpoint_000006: OK
2026-04-22 16:19:42,820 - deploy_policy - INFO -   - /checkpoints/PPO_selfplay_rec/PPO_Soccer_8123a_00000_0_2024-11-11_01-01-38/checkpoint_000007: OK
2026-04-22 16:19:42,820 - deploy_policy - INFO -   - /checkpoints/PPO_selfplay_rec/PPO_Soccer_8123a_00000_0_2024-11-11_01-01-38/checkpoint_000008: OK
2026-04-22 16:19:42,820 - deploy_policy - INFO -   - /checkpoints/PPO_selfplay_rec/PPO_Soccer_8123a_00000_0_2024-11-11_01-01-38/checkpoint_000009: OK
2026-04-22 16:19:42,820 - deploy_policy - INFO -   - /checkpoints/PPO_selfplay_rec/PPO_Soccer_95caf_00000_0_2024-11-21_02-23-24/checkpoint_000000: OK
2026-04-22 16:19:42,820 - deploy_policy - INFO -   - /checkpoints/PPO_selfplay_rec/PPO_Soccer_95caf_00000_0_2024-11-21_02-23-24/checkpoint_000001: OK
2026-04-22 16:19:42,820 - deploy_policy - INFO -   - /checkpoints/PPO_selfplay_rec/PPO_Soccer_baseline_2025-03-16/checkpoint_000000: OK
2026-04-22 16:19:42,820 - deploy_policy - INFO -   - /checkpoints/PPO_selfplay_rec/PPO_Soccer_baseline_2025-03-16/checkpoint_000001: OK
2026-04-22 16:19:42,820 - deploy_policy - INFO -   - /checkpoints/PPO_selfplay_rec/PPO_Soccer_baseline_2025-03-16/checkpoint_000002: OK
2026-04-22 16:19:42,820 - deploy_policy - INFO -   - /checkpoints/PPO_selfplay_rec/PPO_Soccer_baseline_2025-03-16/checkpoint_000003: OK
2026-04-22 16:19:42,820 - deploy_policy - INFO - Inicializando GrSimDeployer:
2026-04-22 16:19:42,820 - deploy_policy - INFO -   Checkpoint: /checkpoints/PPO_selfplay_rec/PPO_Soccer_baseline_2025-03-16/checkpoint_000003
2026-04-22 16:19:42,820 - deploy_policy - INFO -   Device: cpu
2026-04-22 16:19:42,820 - deploy_policy - INFO -   Team: blue
2026-04-22 16:19:42,820 - deploy_policy - INFO -   Robots: 3 blue, 3 yellow
2026-04-22 16:19:42,823 - deploy_policy - INFO - Carregando checkpoint: /checkpoints/PPO_selfplay_rec/PPO_Soccer_baseline_2025-03-16/checkpoint_000003/policies/policy_blue/policy_state.pkl
2026-04-22 16:19:42,873 - deploy_policy - INFO - Modelo carregado com sucesso
2026-04-22 16:19:42,880 - deploy_policy - INFO - Simulador rc-robosim inicializado
2026-04-22 16:19:42,880 - deploy_policy - INFO - Executando em modo continuo (Ctrl+C para parar)
2026-04-22 16:19:42,880 - deploy_policy - INFO - Iniciando episodio (max_steps=1800)
2026-04-22 16:19:42,880 - deploy_policy - WARNING - Nao foi possivel resetar simulador: reset(): incompatible function arguments. The following argument types are supported:
    1. (self: robosim._robosim.SSL, arg0: List[float], arg1: List[List[float]], arg2: List[List[float]]) -> None

Invoked with: <robosim._robosim.SSL object at 0x76d051135c70>
2026-04-22 16:19:46,361 - deploy_policy - INFO - Steps executados: 100
2026-04-22 16:19:49,871 - deploy_policy - INFO - Steps executados: 200
2026-04-22 16:19:53,413 - deploy_policy - INFO - Steps executados: 300
2026-04-22 16:19:57,031 - deploy_policy - INFO - Steps executados: 400
2026-04-22 16:20:00,618 - deploy_policy - INFO - Steps executados: 500
2026-04-22 16:20:04,425 - deploy_policy - INFO - Steps executados: 600
2026-04-22 16:20:08,012 - deploy_policy - INFO - Steps executados: 700
2026-04-22 16:20:11,793 - deploy_policy - INFO - Steps executados: 800
2026-04-22 16:20:15,929 - deploy_policy - INFO - Steps executados: 900
2026-04-22 16:20:21,218 - deploy_policy - INFO - Steps executados: 1000
2026-04-22 16:21:10,620 - deploy_policy - INFO - rc-robosim (robosim) importado com sucesso
2026-04-22 16:21:10,621 - deploy_policy - WARNING - Funcoes de conversao de estado nao disponiveis: No module named 'sim2real'
2026-04-22 16:21:10,622 - deploy_policy - INFO - ============================================================
2026-04-22 16:21:10,622 - deploy_policy - INFO - Deploy de Policy RL no grSim
2026-04-22 16:21:10,622 - deploy_policy - INFO - ============================================================
2026-04-22 16:21:10,622 - deploy_policy - INFO - Checkpoints disponiveis:
2026-04-22 16:21:10,623 - deploy_policy - INFO -   - /checkpoints/PPO_selfplay_rec/PPO_Soccer_28842_00000_0_2024-12-06_02-52-40/checkpoint_000000: OK
2026-04-22 16:21:10,623 - deploy_policy - INFO -   - /checkpoints/PPO_selfplay_rec/PPO_Soccer_28842_00000_0_2024-12-06_02-52-40/checkpoint_000001: OK
2026-04-22 16:21:10,623 - deploy_policy - INFO -   - /checkpoints/PPO_selfplay_rec/PPO_Soccer_28842_00000_0_2024-12-06_02-52-40/checkpoint_000002: OK
2026-04-22 16:21:10,623 - deploy_policy - INFO -   - /checkpoints/PPO_selfplay_rec/PPO_Soccer_28842_00000_0_2024-12-06_02-52-40/checkpoint_000003: OK
2026-04-22 16:21:10,623 - deploy_policy - INFO -   - /checkpoints/PPO_selfplay_rec/PPO_Soccer_28842_00000_0_2024-12-06_02-52-40/checkpoint_000004: OK
2026-04-22 16:21:10,623 - deploy_policy - INFO -   - /checkpoints/PPO_selfplay_rec/PPO_Soccer_28842_00000_0_2024-12-06_02-52-40/checkpoint_000005: OK
2026-04-22 16:21:10,623 - deploy_policy - INFO -   - /checkpoints/PPO_selfplay_rec/PPO_Soccer_28842_00000_0_2024-12-06_02-52-40/checkpoint_000006: OK
2026-04-22 16:21:10,623 - deploy_policy - INFO -   - /checkpoints/PPO_selfplay_rec/PPO_Soccer_28842_00000_0_2024-12-06_02-52-40/checkpoint_000007: OK
2026-04-22 16:21:10,623 - deploy_policy - INFO -   - /checkpoints/PPO_selfplay_rec/PPO_Soccer_8123a_00000_0_2024-11-11_01-01-38/checkpoint_000000: OK
2026-04-22 16:21:10,623 - deploy_policy - INFO -   - /checkpoints/PPO_selfplay_rec/PPO_Soccer_8123a_00000_0_2024-11-11_01-01-38/checkpoint_000001: OK
2026-04-22 16:21:10,623 - deploy_policy - INFO -   - /checkpoints/PPO_selfplay_rec/PPO_Soccer_8123a_00000_0_2024-11-11_01-01-38/checkpoint_000002: OK
2026-04-22 16:21:10,623 - deploy_policy - INFO -   - /checkpoints/PPO_selfplay_rec/PPO_Soccer_8123a_00000_0_2024-11-11_01-01-38/checkpoint_000003: OK
2026-04-22 16:21:10,624 - deploy_policy - INFO -   - /checkpoints/PPO_selfplay_rec/PPO_Soccer_8123a_00000_0_2024-11-11_01-01-38/checkpoint_000004: OK
2026-04-22 16:21:10,624 - deploy_policy - INFO -   - /checkpoints/PPO_selfplay_rec/PPO_Soccer_8123a_00000_0_2024-11-11_01-01-38/checkpoint_000005: OK
2026-04-22 16:21:10,624 - deploy_policy - INFO -   - /checkpoints/PPO_selfplay_rec/PPO_Soccer_8123a_00000_0_2024-11-11_01-01-38/checkpoint_000006: OK
2026-04-22 16:21:10,624 - deploy_policy - INFO -   - /checkpoints/PPO_selfplay_rec/PPO_Soccer_8123a_00000_0_2024-11-11_01-01-38/checkpoint_000007: OK
2026-04-22 16:21:10,624 - deploy_policy - INFO -   - /checkpoints/PPO_selfplay_rec/PPO_Soccer_8123a_00000_0_2024-11-11_01-01-38/checkpoint_000008: OK
2026-04-22 16:21:10,624 - deploy_policy - INFO -   - /checkpoints/PPO_selfplay_rec/PPO_Soccer_8123a_00000_0_2024-11-11_01-01-38/checkpoint_000009: OK
2026-04-22 16:21:10,624 - deploy_policy - INFO -   - /checkpoints/PPO_selfplay_rec/PPO_Soccer_95caf_00000_0_2024-11-21_02-23-24/checkpoint_000000: OK
2026-04-22 16:21:10,624 - deploy_policy - INFO -   - /checkpoints/PPO_selfplay_rec/PPO_Soccer_95caf_00000_0_2024-11-21_02-23-24/checkpoint_000001: OK
2026-04-22 16:21:10,624 - deploy_policy - INFO -   - /checkpoints/PPO_selfplay_rec/PPO_Soccer_baseline_2025-03-16/checkpoint_000000: OK
2026-04-22 16:21:10,624 - deploy_policy - INFO -   - /checkpoints/PPO_selfplay_rec/PPO_Soccer_baseline_2025-03-16/checkpoint_000001: OK
2026-04-22 16:21:10,624 - deploy_policy - INFO -   - /checkpoints/PPO_selfplay_rec/PPO_Soccer_baseline_2025-03-16/checkpoint_000002: OK
2026-04-22 16:21:10,624 - deploy_policy - INFO -   - /checkpoints/PPO_selfplay_rec/PPO_Soccer_baseline_2025-03-16/checkpoint_000003: OK
2026-04-22 16:21:10,624 - deploy_policy - INFO - Inicializando GrSimDeployer:
2026-04-22 16:21:10,624 - deploy_policy - INFO -   Checkpoint: /checkpoints/PPO_selfplay_rec/PPO_Soccer_baseline_2025-03-16/checkpoint_000003
2026-04-22 16:21:10,624 - deploy_policy - INFO -   Device: cpu
2026-04-22 16:21:10,624 - deploy_policy - INFO -   Team: blue
2026-04-22 16:21:10,624 - deploy_policy - INFO -   Robots: 3 blue, 3 yellow
2026-04-22 16:21:10,627 - deploy_policy - INFO - Carregando checkpoint: /checkpoints/PPO_selfplay_rec/PPO_Soccer_baseline_2025-03-16/checkpoint_000003/policies/policy_blue/policy_state.pkl
2026-04-22 16:21:10,675 - deploy_policy - INFO - Modelo carregado com sucesso
2026-04-22 16:21:10,686 - deploy_policy - INFO - Simulador rc-robosim inicializado
2026-04-22 16:21:10,686 - deploy_policy - INFO - Executando em modo continuo (Ctrl+C para parar)
2026-04-22 16:21:10,686 - deploy_policy - INFO - Iniciando episodio (max_steps=1800)
2026-04-22 16:21:14,322 - deploy_policy - INFO - Steps executados: 100
2026-04-22 16:21:17,884 - deploy_policy - INFO - Steps executados: 200
2026-04-22 16:21:21,436 - deploy_policy - INFO - Steps executados: 300
2026-04-22 16:21:25,034 - deploy_policy - INFO - Steps executados: 400
2026-04-22 16:21:28,596 - deploy_policy - INFO - Steps executados: 500
2026-04-22 16:21:32,165 - deploy_policy - INFO - Steps executados: 600
2026-04-22 16:21:35,707 - deploy_policy - INFO - Steps executados: 700
2026-04-22 16:21:39,294 - deploy_policy - INFO - Steps executados: 800
2026-04-22 16:21:43,149 - deploy_policy - INFO - Steps executados: 900
2026-04-22 16:21:46,902 - deploy_policy - INFO - Steps executados: 1000
2026-04-22 16:21:51,004 - deploy_policy - INFO - Steps executados: 1100
2026-04-22 16:21:54,548 - deploy_policy - INFO - Steps executados: 1200
2026-04-22 16:21:58,110 - deploy_policy - INFO - Steps executados: 1300
2026-04-22 16:22:01,688 - deploy_policy - INFO - Steps executados: 1400
2026-04-22 16:22:05,274 - deploy_policy - INFO - Steps executados: 1500
2026-04-22 16:22:08,891 - deploy_policy - INFO - Steps executados: 1600
2026-04-22 16:22:12,445 - deploy_policy - INFO - Steps executados: 1700
2026-04-22 16:22:16,295 - deploy_policy - INFO - Steps executados: 1800
2026-04-22 16:22:16,329 - deploy_policy - INFO - Episodio finalizado. Total de steps: 1800
2026-04-22 16:26:22,528 - deploy_policy - INFO - rc-robosim (robosim) importado com sucesso
2026-04-22 16:26:22,529 - deploy_policy - WARNING - Funcoes de conversao de estado nao disponiveis: No module named 'sim2real'
2026-04-22 16:26:22,530 - deploy_policy - INFO - ============================================================
2026-04-22 16:26:22,530 - deploy_policy - INFO - Deploy de Policy RL no grSim
2026-04-22 16:26:22,530 - deploy_policy - INFO - ============================================================
2026-04-22 16:26:22,530 - deploy_policy - INFO - Checkpoints disponiveis:
2026-04-22 16:26:22,532 - deploy_policy - INFO -   - /checkpoints/PPO_selfplay_rec/PPO_Soccer_28842_00000_0_2024-12-06_02-52-40/checkpoint_000000: OK
2026-04-22 16:26:22,532 - deploy_policy - INFO -   - /checkpoints/PPO_selfplay_rec/PPO_Soccer_28842_00000_0_2024-12-06_02-52-40/checkpoint_000001: OK
2026-04-22 16:26:22,532 - deploy_policy - INFO -   - /checkpoints/PPO_selfplay_rec/PPO_Soccer_28842_00000_0_2024-12-06_02-52-40/checkpoint_000002: OK
2026-04-22 16:26:22,532 - deploy_policy - INFO -   - /checkpoints/PPO_selfplay_rec/PPO_Soccer_28842_00000_0_2024-12-06_02-52-40/checkpoint_000003: OK
2026-04-22 16:26:22,532 - deploy_policy - INFO -   - /checkpoints/PPO_selfplay_rec/PPO_Soccer_28842_00000_0_2024-12-06_02-52-40/checkpoint_000004: OK
2026-04-22 16:26:22,532 - deploy_policy - INFO -   - /checkpoints/PPO_selfplay_rec/PPO_Soccer_28842_00000_0_2024-12-06_02-52-40/checkpoint_000005: OK
2026-04-22 16:26:22,532 - deploy_policy - INFO -   - /checkpoints/PPO_selfplay_rec/PPO_Soccer_28842_00000_0_2024-12-06_02-52-40/checkpoint_000006: OK
2026-04-22 16:26:22,532 - deploy_policy - INFO -   - /checkpoints/PPO_selfplay_rec/PPO_Soccer_28842_00000_0_2024-12-06_02-52-40/checkpoint_000007: OK
2026-04-22 16:26:22,532 - deploy_policy - INFO -   - /checkpoints/PPO_selfplay_rec/PPO_Soccer_8123a_00000_0_2024-11-11_01-01-38/checkpoint_000000: OK
2026-04-22 16:26:22,532 - deploy_policy - INFO -   - /checkpoints/PPO_selfplay_rec/PPO_Soccer_8123a_00000_0_2024-11-11_01-01-38/checkpoint_000001: OK
2026-04-22 16:26:22,532 - deploy_policy - INFO -   - /checkpoints/PPO_selfplay_rec/PPO_Soccer_8123a_00000_0_2024-11-11_01-01-38/checkpoint_000002: OK
2026-04-22 16:26:22,532 - deploy_policy - INFO -   - /checkpoints/PPO_selfplay_rec/PPO_Soccer_8123a_00000_0_2024-11-11_01-01-38/checkpoint_000003: OK
2026-04-22 16:26:22,532 - deploy_policy - INFO -   - /checkpoints/PPO_selfplay_rec/PPO_Soccer_8123a_00000_0_2024-11-11_01-01-38/checkpoint_000004: OK
2026-04-22 16:26:22,532 - deploy_policy - INFO -   - /checkpoints/PPO_selfplay_rec/PPO_Soccer_8123a_00000_0_2024-11-11_01-01-38/checkpoint_000005: OK
2026-04-22 16:26:22,532 - deploy_policy - INFO -   - /checkpoints/PPO_selfplay_rec/PPO_Soccer_8123a_00000_0_2024-11-11_01-01-38/checkpoint_000006: OK
2026-04-22 16:26:22,532 - deploy_policy - INFO -   - /checkpoints/PPO_selfplay_rec/PPO_Soccer_8123a_00000_0_2024-11-11_01-01-38/checkpoint_000007: OK
2026-04-22 16:26:22,532 - deploy_policy - INFO -   - /checkpoints/PPO_selfplay_rec/PPO_Soccer_8123a_00000_0_2024-11-11_01-01-38/checkpoint_000008: OK
2026-04-22 16:26:22,532 - deploy_policy - INFO -   - /checkpoints/PPO_selfplay_rec/PPO_Soccer_8123a_00000_0_2024-11-11_01-01-38/checkpoint_000009: OK
2026-04-22 16:26:22,532 - deploy_policy - INFO -   - /checkpoints/PPO_selfplay_rec/PPO_Soccer_95caf_00000_0_2024-11-21_02-23-24/checkpoint_000000: OK
2026-04-22 16:26:22,532 - deploy_policy - INFO -   - /checkpoints/PPO_selfplay_rec/PPO_Soccer_95caf_00000_0_2024-11-21_02-23-24/checkpoint_000001: OK
2026-04-22 16:26:22,532 - deploy_policy - INFO -   - /checkpoints/PPO_selfplay_rec/PPO_Soccer_baseline_2025-03-16/checkpoint_000000: OK
2026-04-22 16:26:22,532 - deploy_policy - INFO -   - /checkpoints/PPO_selfplay_rec/PPO_Soccer_baseline_2025-03-16/checkpoint_000001: OK
2026-04-22 16:26:22,532 - deploy_policy - INFO -   - /checkpoints/PPO_selfplay_rec/PPO_Soccer_baseline_2025-03-16/checkpoint_000002: OK
2026-04-22 16:26:22,532 - deploy_policy - INFO -   - /checkpoints/PPO_selfplay_rec/PPO_Soccer_baseline_2025-03-16/checkpoint_000003: OK
2026-04-22 16:26:22,532 - deploy_policy - INFO - Inicializando GrSimDeployer:
2026-04-22 16:26:22,532 - deploy_policy - INFO -   Checkpoint: /checkpoints/PPO_selfplay_rec/PPO_Soccer_baseline_2025-03-16/checkpoint_000003
2026-04-22 16:26:22,532 - deploy_policy - INFO -   Device: cpu
2026-04-22 16:26:22,532 - deploy_policy - INFO -   Team: blue
2026-04-22 16:26:22,532 - deploy_policy - INFO -   Robots: 3 blue, 3 yellow
2026-04-22 16:26:22,535 - deploy_policy - INFO - Carregando checkpoint: /checkpoints/PPO_selfplay_rec/PPO_Soccer_baseline_2025-03-16/checkpoint_000003/policies/policy_blue/policy_state.pkl
2026-04-22 16:26:22,594 - deploy_policy - INFO - Modelo carregado com sucesso
2026-04-22 16:26:22,603 - deploy_policy - INFO - Simulador rc-robosim inicializado
2026-04-22 16:26:22,603 - deploy_policy - INFO - Executando em modo continuo (Ctrl+C para parar)
2026-04-22 16:26:22,603 - deploy_policy - INFO - Iniciando episodio (max_steps=1800)
2026-04-22 16:26:26,198 - deploy_policy - INFO - Steps executados: 100
2026-04-22 16:26:30,592 - deploy_policy - INFO - Steps executados: 200
2026-04-22 16:26:34,188 - deploy_policy - INFO - Steps executados: 300
2026-04-22 16:26:37,774 - deploy_policy - INFO - Steps executados: 400
2026-04-22 16:26:41,369 - deploy_policy - INFO - Steps executados: 500
2026-04-22 16:26:44,951 - deploy_policy - INFO - Steps executados: 600
2026-04-22 16:26:48,586 - deploy_policy - INFO - Steps executados: 700
2026-04-22 16:26:52,132 - deploy_policy - INFO - Steps executados: 800
2026-04-22 16:26:55,866 - deploy_policy - INFO - Steps executados: 900
2026-04-22 16:26:59,449 - deploy_policy - INFO - Steps executados: 1000
2026-04-22 16:27:03,195 - deploy_policy - INFO - Steps executados: 1100
2026-04-22 16:27:07,254 - deploy_policy - INFO - Steps executados: 1200
2026-04-22 16:27:11,037 - deploy_policy - INFO - Steps executados: 1300
2026-04-22 16:27:14,662 - deploy_policy - INFO - Steps executados: 1400
2026-04-22 16:27:18,230 - deploy_policy - INFO - Steps executados: 1500
2026-04-22 16:27:21,790 - deploy_policy - INFO - Steps executados: 1600
2026-04-22 16:27:25,355 - deploy_policy - INFO - Steps executados: 1700
2026-04-22 16:27:28,884 - deploy_policy - INFO - Steps executados: 1800
2026-04-22 16:27:28,918 - deploy_policy - INFO - Episodio finalizado. Total de steps: 1800
2026-04-22 16:27:52,027 - deploy_policy - INFO - rc-robosim (robosim) importado com sucesso
2026-04-22 16:27:52,028 - deploy_policy - WARNING - Funcoes de conversao de estado nao disponiveis: No module named 'sim2real'
2026-04-22 16:27:52,029 - deploy_policy - INFO - ============================================================
2026-04-22 16:27:52,029 - deploy_policy - INFO - Deploy de Policy RL no grSim
2026-04-22 16:27:52,029 - deploy_policy - INFO - ============================================================
2026-04-22 16:27:52,029 - deploy_policy - INFO - Checkpoints disponiveis:
2026-04-22 16:27:52,039 - deploy_policy - INFO -   - /checkpoints/PPO_selfplay_rec/PPO_Soccer_28842_00000_0_2024-12-06_02-52-40/checkpoint_000000: OK
2026-04-22 16:27:52,039 - deploy_policy - INFO -   - /checkpoints/PPO_selfplay_rec/PPO_Soccer_28842_00000_0_2024-12-06_02-52-40/checkpoint_000001: OK
2026-04-22 16:27:52,039 - deploy_policy - INFO -   - /checkpoints/PPO_selfplay_rec/PPO_Soccer_28842_00000_0_2024-12-06_02-52-40/checkpoint_000002: OK
2026-04-22 16:27:52,039 - deploy_policy - INFO -   - /checkpoints/PPO_selfplay_rec/PPO_Soccer_28842_00000_0_2024-12-06_02-52-40/checkpoint_000003: OK
2026-04-22 16:27:52,039 - deploy_policy - INFO -   - /checkpoints/PPO_selfplay_rec/PPO_Soccer_28842_00000_0_2024-12-06_02-52-40/checkpoint_000004: OK
2026-04-22 16:27:52,039 - deploy_policy - INFO -   - /checkpoints/PPO_selfplay_rec/PPO_Soccer_28842_00000_0_2024-12-06_02-52-40/checkpoint_000005: OK
2026-04-22 16:27:52,039 - deploy_policy - INFO -   - /checkpoints/PPO_selfplay_rec/PPO_Soccer_28842_00000_0_2024-12-06_02-52-40/checkpoint_000006: OK
2026-04-22 16:27:52,040 - deploy_policy - INFO -   - /checkpoints/PPO_selfplay_rec/PPO_Soccer_28842_00000_0_2024-12-06_02-52-40/checkpoint_000007: OK
2026-04-22 16:27:52,040 - deploy_policy - INFO -   - /checkpoints/PPO_selfplay_rec/PPO_Soccer_8123a_00000_0_2024-11-11_01-01-38/checkpoint_000000: OK
2026-04-22 16:27:52,040 - deploy_policy - INFO -   - /checkpoints/PPO_selfplay_rec/PPO_Soccer_8123a_00000_0_2024-11-11_01-01-38/checkpoint_000001: OK
2026-04-22 16:27:52,040 - deploy_policy - INFO -   - /checkpoints/PPO_selfplay_rec/PPO_Soccer_8123a_00000_0_2024-11-11_01-01-38/checkpoint_000002: OK
2026-04-22 16:27:52,040 - deploy_policy - INFO -   - /checkpoints/PPO_selfplay_rec/PPO_Soccer_8123a_00000_0_2024-11-11_01-01-38/checkpoint_000003: OK
2026-04-22 16:27:52,040 - deploy_policy - INFO -   - /checkpoints/PPO_selfplay_rec/PPO_Soccer_8123a_00000_0_2024-11-11_01-01-38/checkpoint_000004: OK
2026-04-22 16:27:52,040 - deploy_policy - INFO -   - /checkpoints/PPO_selfplay_rec/PPO_Soccer_8123a_00000_0_2024-11-11_01-01-38/checkpoint_000005: OK
2026-04-22 16:27:52,040 - deploy_policy - INFO -   - /checkpoints/PPO_selfplay_rec/PPO_Soccer_8123a_00000_0_2024-11-11_01-01-38/checkpoint_000006: OK
2026-04-22 16:27:52,040 - deploy_policy - INFO -   - /checkpoints/PPO_selfplay_rec/PPO_Soccer_8123a_00000_0_2024-11-11_01-01-38/checkpoint_000007: OK
2026-04-22 16:27:52,040 - deploy_policy - INFO -   - /checkpoints/PPO_selfplay_rec/PPO_Soccer_8123a_00000_0_2024-11-11_01-01-38/checkpoint_000008: OK
2026-04-22 16:27:52,040 - deploy_policy - INFO -   - /checkpoints/PPO_selfplay_rec/PPO_Soccer_8123a_00000_0_2024-11-11_01-01-38/checkpoint_000009: OK
2026-04-22 16:27:52,040 - deploy_policy - INFO -   - /checkpoints/PPO_selfplay_rec/PPO_Soccer_95caf_00000_0_2024-11-21_02-23-24/checkpoint_000000: OK
2026-04-22 16:27:52,040 - deploy_policy - INFO -   - /checkpoints/PPO_selfplay_rec/PPO_Soccer_95caf_00000_0_2024-11-21_02-23-24/checkpoint_000001: OK
2026-04-22 16:27:52,040 - deploy_policy - INFO -   - /checkpoints/PPO_selfplay_rec/PPO_Soccer_baseline_2025-03-16/checkpoint_000000: OK
2026-04-22 16:27:52,040 - deploy_policy - INFO -   - /checkpoints/PPO_selfplay_rec/PPO_Soccer_baseline_2025-03-16/checkpoint_000001: OK
2026-04-22 16:27:52,040 - deploy_policy - INFO -   - /checkpoints/PPO_selfplay_rec/PPO_Soccer_baseline_2025-03-16/checkpoint_000002: OK
2026-04-22 16:27:52,040 - deploy_policy - INFO -   - /checkpoints/PPO_selfplay_rec/PPO_Soccer_baseline_2025-03-16/checkpoint_000003: OK
2026-04-22 16:27:52,041 - deploy_policy - INFO - Inicializando GrSimDeployer:
2026-04-22 16:27:52,041 - deploy_policy - INFO -   Checkpoint: /checkpoints/PPO_selfplay_rec/PPO_Soccer_baseline_2025-03-16/checkpoint_000003
2026-04-22 16:27:52,041 - deploy_policy - INFO -   Device: cpu
2026-04-22 16:27:52,041 - deploy_policy - INFO -   Team: blue
2026-04-22 16:27:52,041 - deploy_policy - INFO -   Robots: 3 blue, 3 yellow
2026-04-22 16:27:52,047 - deploy_policy - INFO - Carregando checkpoint: /checkpoints/PPO_selfplay_rec/PPO_Soccer_baseline_2025-03-16/checkpoint_000003/policies/policy_blue/policy_state.pkl
2026-04-22 16:27:52,113 - deploy_policy - INFO - Modelo carregado com sucesso
2026-04-22 16:27:52,127 - deploy_policy - INFO - Simulador rc-robosim inicializado
2026-04-22 16:27:52,127 - deploy_policy - INFO - Executando em modo continuo (Ctrl+C para parar)
2026-04-22 16:27:52,127 - deploy_policy - INFO - Iniciando episodio (max_steps=1800)
2026-04-22 16:28:35,986 - deploy_policy - INFO - rc-robosim (robosim) importado com sucesso
2026-04-22 16:28:35,987 - deploy_policy - WARNING - Funcoes de conversao de estado nao disponiveis: No module named 'sim2real'
2026-04-22 16:28:35,987 - deploy_policy - INFO - ============================================================
2026-04-22 16:28:35,987 - deploy_policy - INFO - Deploy de Policy RL no grSim
2026-04-22 16:28:35,987 - deploy_policy - INFO - ============================================================
2026-04-22 16:28:35,988 - deploy_policy - INFO - Checkpoints disponiveis:
2026-04-22 16:28:35,998 - deploy_policy - INFO -   - /checkpoints/PPO_selfplay_rec/PPO_Soccer_28842_00000_0_2024-12-06_02-52-40/checkpoint_000000: OK
2026-04-22 16:28:35,998 - deploy_policy - INFO -   - /checkpoints/PPO_selfplay_rec/PPO_Soccer_28842_00000_0_2024-12-06_02-52-40/checkpoint_000001: OK
2026-04-22 16:28:35,998 - deploy_policy - INFO -   - /checkpoints/PPO_selfplay_rec/PPO_Soccer_28842_00000_0_2024-12-06_02-52-40/checkpoint_000002: OK
2026-04-22 16:28:35,998 - deploy_policy - INFO -   - /checkpoints/PPO_selfplay_rec/PPO_Soccer_28842_00000_0_2024-12-06_02-52-40/checkpoint_000003: OK
2026-04-22 16:28:35,998 - deploy_policy - INFO -   - /checkpoints/PPO_selfplay_rec/PPO_Soccer_28842_00000_0_2024-12-06_02-52-40/checkpoint_000004: OK
2026-04-22 16:28:35,998 - deploy_policy - INFO -   - /checkpoints/PPO_selfplay_rec/PPO_Soccer_28842_00000_0_2024-12-06_02-52-40/checkpoint_000005: OK
2026-04-22 16:28:35,998 - deploy_policy - INFO -   - /checkpoints/PPO_selfplay_rec/PPO_Soccer_28842_00000_0_2024-12-06_02-52-40/checkpoint_000006: OK
2026-04-22 16:28:35,998 - deploy_policy - INFO -   - /checkpoints/PPO_selfplay_rec/PPO_Soccer_28842_00000_0_2024-12-06_02-52-40/checkpoint_000007: OK
2026-04-22 16:28:35,998 - deploy_policy - INFO -   - /checkpoints/PPO_selfplay_rec/PPO_Soccer_8123a_00000_0_2024-11-11_01-01-38/checkpoint_000000: OK
2026-04-22 16:28:35,998 - deploy_policy - INFO -   - /checkpoints/PPO_selfplay_rec/PPO_Soccer_8123a_00000_0_2024-11-11_01-01-38/checkpoint_000001: OK
2026-04-22 16:28:35,998 - deploy_policy - INFO -   - /checkpoints/PPO_selfplay_rec/PPO_Soccer_8123a_00000_0_2024-11-11_01-01-38/checkpoint_000002: OK
2026-04-22 16:28:35,998 - deploy_policy - INFO -   - /checkpoints/PPO_selfplay_rec/PPO_Soccer_8123a_00000_0_2024-11-11_01-01-38/checkpoint_000003: OK
2026-04-22 16:28:35,998 - deploy_policy - INFO -   - /checkpoints/PPO_selfplay_rec/PPO_Soccer_8123a_00000_0_2024-11-11_01-01-38/checkpoint_000004: OK
2026-04-22 16:28:35,998 - deploy_policy - INFO -   - /checkpoints/PPO_selfplay_rec/PPO_Soccer_8123a_00000_0_2024-11-11_01-01-38/checkpoint_000005: OK
2026-04-22 16:28:35,998 - deploy_policy - INFO -   - /checkpoints/PPO_selfplay_rec/PPO_Soccer_8123a_00000_0_2024-11-11_01-01-38/checkpoint_000006: OK
2026-04-22 16:28:35,998 - deploy_policy - INFO -   - /checkpoints/PPO_selfplay_rec/PPO_Soccer_8123a_00000_0_2024-11-11_01-01-38/checkpoint_000007: OK
2026-04-22 16:28:35,998 - deploy_policy - INFO -   - /checkpoints/PPO_selfplay_rec/PPO_Soccer_8123a_00000_0_2024-11-11_01-01-38/checkpoint_000008: OK
2026-04-22 16:28:35,999 - deploy_policy - INFO -   - /checkpoints/PPO_selfplay_rec/PPO_Soccer_8123a_00000_0_2024-11-11_01-01-38/checkpoint_000009: OK
2026-04-22 16:28:35,999 - deploy_policy - INFO -   - /checkpoints/PPO_selfplay_rec/PPO_Soccer_95caf_00000_0_2024-11-21_02-23-24/checkpoint_000000: OK
2026-04-22 16:28:35,999 - deploy_policy - INFO -   - /checkpoints/PPO_selfplay_rec/PPO_Soccer_95caf_00000_0_2024-11-21_02-23-24/checkpoint_000001: OK
2026-04-22 16:28:35,999 - deploy_policy - INFO -   - /checkpoints/PPO_selfplay_rec/PPO_Soccer_baseline_2025-03-16/checkpoint_000000: OK
2026-04-22 16:28:35,999 - deploy_policy - INFO -   - /checkpoints/PPO_selfplay_rec/PPO_Soccer_baseline_2025-03-16/checkpoint_000001: OK
2026-04-22 16:28:35,999 - deploy_policy - INFO -   - /checkpoints/PPO_selfplay_rec/PPO_Soccer_baseline_2025-03-16/checkpoint_000002: OK
2026-04-22 16:28:35,999 - deploy_policy - INFO -   - /checkpoints/PPO_selfplay_rec/PPO_Soccer_baseline_2025-03-16/checkpoint_000003: OK
2026-04-22 16:28:35,999 - deploy_policy - INFO - Inicializando GrSimDeployer:
2026-04-22 16:28:35,999 - deploy_policy - INFO -   Checkpoint: /checkpoints/PPO_selfplay_rec/PPO_Soccer_baseline_2025-03-16/checkpoint_000003
2026-04-22 16:28:35,999 - deploy_policy - INFO -   Device: cpu
2026-04-22 16:28:35,999 - deploy_policy - INFO -   Team: blue
2026-04-22 16:28:35,999 - deploy_policy - INFO -   Robots: 3 blue, 3 yellow
2026-04-22 16:28:36,004 - deploy_policy - INFO - Carregando checkpoint: /checkpoints/PPO_selfplay_rec/PPO_Soccer_baseline_2025-03-16/checkpoint_000003/policies/policy_blue/policy_state.pkl
2026-04-22 16:28:36,066 - deploy_policy - INFO - Modelo carregado com sucesso
2026-04-22 16:28:36,074 - deploy_policy - INFO - Simulador rc-robosim inicializado
2026-04-22 16:28:36,074 - deploy_policy - INFO - Executando em modo continuo (Ctrl+C para parar)
2026-04-22 16:28:36,074 - deploy_policy - INFO - Iniciando episodio (max_steps=1800)
2026-04-22 16:28:39,596 - deploy_policy - INFO - Steps executados: 100
2026-04-22 16:28:43,163 - deploy_policy - INFO - Steps executados: 200
2026-04-22 16:28:46,722 - deploy_policy - INFO - Steps executados: 300
2026-04-22 16:28:50,523 - deploy_policy - INFO - Steps executados: 400
2026-04-22 16:28:54,110 - deploy_policy - INFO - Steps executados: 500
2026-04-22 16:28:57,687 - deploy_policy - INFO - Steps executados: 600
2026-04-22 16:29:01,271 - deploy_policy - INFO - Steps executados: 700
2026-04-22 16:29:04,956 - deploy_policy - INFO - Steps executados: 800
2026-04-22 16:29:09,282 - deploy_policy - INFO - Steps executados: 900
2026-04-22 16:29:13,783 - deploy_policy - INFO - Steps executados: 1000
2026-04-24 10:39:25,817 - deploy_policy - INFO - rc-robosim (robosim) importado com sucesso
2026-04-24 10:39:25,818 - deploy_policy - WARNING - Funcoes de conversao de estado nao disponiveis: No module named 'sim2real'
2026-04-24 10:39:25,819 - deploy_policy - INFO - ============================================================
2026-04-24 10:39:25,819 - deploy_policy - INFO - Deploy de Policy RL no grSim
2026-04-24 10:39:25,819 - deploy_policy - INFO - ============================================================
2026-04-24 10:39:25,820 - deploy_policy - INFO - Checkpoints disponiveis:
2026-04-24 10:39:25,832 - deploy_policy - INFO -   - /checkpoints/PPO_selfplay_rec/PPO_Soccer_28842_00000_0_2024-12-06_02-52-40/checkpoint_000000: OK
2026-04-24 10:39:25,832 - deploy_policy - INFO -   - /checkpoints/PPO_selfplay_rec/PPO_Soccer_28842_00000_0_2024-12-06_02-52-40/checkpoint_000001: OK
2026-04-24 10:39:25,832 - deploy_policy - INFO -   - /checkpoints/PPO_selfplay_rec/PPO_Soccer_28842_00000_0_2024-12-06_02-52-40/checkpoint_000002: OK
2026-04-24 10:39:25,832 - deploy_policy - INFO -   - /checkpoints/PPO_selfplay_rec/PPO_Soccer_28842_00000_0_2024-12-06_02-52-40/checkpoint_000003: OK
2026-04-24 10:39:25,832 - deploy_policy - INFO -   - /checkpoints/PPO_selfplay_rec/PPO_Soccer_28842_00000_0_2024-12-06_02-52-40/checkpoint_000004: OK
2026-04-24 10:39:25,832 - deploy_policy - INFO -   - /checkpoints/PPO_selfplay_rec/PPO_Soccer_28842_00000_0_2024-12-06_02-52-40/checkpoint_000005: OK
2026-04-24 10:39:25,832 - deploy_policy - INFO -   - /checkpoints/PPO_selfplay_rec/PPO_Soccer_28842_00000_0_2024-12-06_02-52-40/checkpoint_000006: OK
2026-04-24 10:39:25,832 - deploy_policy - INFO -   - /checkpoints/PPO_selfplay_rec/PPO_Soccer_28842_00000_0_2024-12-06_02-52-40/checkpoint_000007: OK
2026-04-24 10:39:25,833 - deploy_policy - INFO -   - /checkpoints/PPO_selfplay_rec/PPO_Soccer_8123a_00000_0_2024-11-11_01-01-38/checkpoint_000000: OK
2026-04-24 10:39:25,833 - deploy_policy - INFO -   - /checkpoints/PPO_selfplay_rec/PPO_Soccer_8123a_00000_0_2024-11-11_01-01-38/checkpoint_000001: OK
2026-04-24 10:39:25,833 - deploy_policy - INFO -   - /checkpoints/PPO_selfplay_rec/PPO_Soccer_8123a_00000_0_2024-11-11_01-01-38/checkpoint_000002: OK
2026-04-24 10:39:25,833 - deploy_policy - INFO -   - /checkpoints/PPO_selfplay_rec/PPO_Soccer_8123a_00000_0_2024-11-11_01-01-38/checkpoint_000003: OK
2026-04-24 10:39:25,833 - deploy_policy - INFO -   - /checkpoints/PPO_selfplay_rec/PPO_Soccer_8123a_00000_0_2024-11-11_01-01-38/checkpoint_000004: OK
2026-04-24 10:39:25,833 - deploy_policy - INFO -   - /checkpoints/PPO_selfplay_rec/PPO_Soccer_8123a_00000_0_2024-11-11_01-01-38/checkpoint_000005: OK
2026-04-24 10:39:25,833 - deploy_policy - INFO -   - /checkpoints/PPO_selfplay_rec/PPO_Soccer_8123a_00000_0_2024-11-11_01-01-38/checkpoint_000006: OK
2026-04-24 10:39:25,833 - deploy_policy - INFO -   - /checkpoints/PPO_selfplay_rec/PPO_Soccer_8123a_00000_0_2024-11-11_01-01-38/checkpoint_000007: OK
2026-04-24 10:39:25,833 - deploy_policy - INFO -   - /checkpoints/PPO_selfplay_rec/PPO_Soccer_8123a_00000_0_2024-11-11_01-01-38/checkpoint_000008: OK
2026-04-24 10:39:25,833 - deploy_policy - INFO -   - /checkpoints/PPO_selfplay_rec/PPO_Soccer_8123a_00000_0_2024-11-11_01-01-38/checkpoint_000009: OK
2026-04-24 10:39:25,833 - deploy_policy - INFO -   - /checkpoints/PPO_selfplay_rec/PPO_Soccer_95caf_00000_0_2024-11-21_02-23-24/checkpoint_000000: OK
2026-04-24 10:39:25,833 - deploy_policy - INFO -   - /checkpoints/PPO_selfplay_rec/PPO_Soccer_95caf_00000_0_2024-11-21_02-23-24/checkpoint_000001: OK
2026-04-24 10:39:25,833 - deploy_policy - INFO -   - /checkpoints/PPO_selfplay_rec/PPO_Soccer_baseline_2025-03-16/checkpoint_000000: OK
2026-04-24 10:39:25,833 - deploy_policy - INFO -   - /checkpoints/PPO_selfplay_rec/PPO_Soccer_baseline_2025-03-16/checkpoint_000001: OK
2026-04-24 10:39:25,833 - deploy_policy - INFO -   - /checkpoints/PPO_selfplay_rec/PPO_Soccer_baseline_2025-03-16/checkpoint_000002: OK
2026-04-24 10:39:25,833 - deploy_policy - INFO -   - /checkpoints/PPO_selfplay_rec/PPO_Soccer_baseline_2025-03-16/checkpoint_000003: OK
2026-04-24 10:39:25,833 - deploy_policy - INFO - Inicializando GrSimDeployer:
2026-04-24 10:39:25,833 - deploy_policy - INFO -   Checkpoint: /checkpoints/PPO_selfplay_rec/PPO_Soccer_baseline_2025-03-16/checkpoint_000003
2026-04-24 10:39:25,833 - deploy_policy - INFO -   Device: cpu
2026-04-24 10:39:25,833 - deploy_policy - INFO -   Team: blue
2026-04-24 10:39:25,833 - deploy_policy - INFO -   Robots: 3 blue, 3 yellow
2026-04-24 10:39:25,841 - deploy_policy - INFO - Carregando checkpoint: /checkpoints/PPO_selfplay_rec/PPO_Soccer_baseline_2025-03-16/checkpoint_000003/policies/policy_blue/policy_state.pkl
2026-04-24 10:39:26,043 - deploy_policy - INFO - Modelo carregado com sucesso
2026-04-24 10:39:26,056 - deploy_policy - INFO - Simulador rc-robosim inicializado
2026-04-24 10:39:26,057 - deploy_policy - INFO - Executando em modo continuo (Ctrl+C para parar)
2026-04-24 10:39:26,057 - deploy_policy - INFO - Iniciando episodio (max_steps=1800)
2026-04-24 10:39:29,943 - deploy_policy - INFO - Steps executados: 100
2026-04-24 10:39:33,520 - deploy_policy - INFO - Steps executados: 200
2026-04-24 10:39:37,093 - deploy_policy - INFO - Steps executados: 300
2026-04-24 10:39:40,646 - deploy_policy - INFO - Steps executados: 400
2026-04-24 10:39:44,215 - deploy_policy - INFO - Steps executados: 500
2026-04-24 10:39:47,759 - deploy_policy - INFO - Steps executados: 600
2026-04-24 10:39:49,669 - deploy_policy - INFO - Steps executados: 700
2026-04-24 10:39:53,224 - deploy_policy - INFO - Steps executados: 800
2026-04-24 10:39:56,780 - deploy_policy - INFO - Steps executados: 900
2026-04-24 10:40:00,346 - deploy_policy - INFO - Steps executados: 1000
2026-04-24 10:40:03,885 - deploy_policy - INFO - Steps executados: 1100
2026-04-24 10:40:07,445 - deploy_policy - INFO - Steps executados: 1200
2026-04-24 10:40:11,009 - deploy_policy - INFO - Steps executados: 1300
2026-04-24 10:40:14,542 - deploy_policy - INFO - Steps executados: 1400
2026-04-24 10:40:18,107 - deploy_policy - INFO - Steps executados: 1500
2026-04-24 10:40:21,714 - deploy_policy - INFO - Steps executados: 1600
2026-04-24 10:40:25,290 - deploy_policy - INFO - Steps executados: 1700
2026-04-24 10:40:28,974 - deploy_policy - INFO - Steps executados: 1800
2026-04-24 10:40:29,008 - deploy_policy - INFO - Episodio finalizado. Total de steps: 1800
